[INFO] Scanning for projects...
[INFO] 
[INFO] -------------------< com.donutxorders:DonutxOrders >--------------------
[INFO] Building DonutxOrders 1.0.0
[INFO]   from pom.xml
[INFO] --------------------------------[ jar ]---------------------------------
[INFO] 
[INFO] --- clean:3.2.0:clean (default-clean) @ DonutxOrders ---
[INFO] Deleting D:\DonutxOrders\target
[INFO] 
[INFO] --- resources:3.3.1:resources (default-resources) @ DonutxOrders ---
[INFO] Copying 2 resources from src\main\resources to target\classes
[INFO] 
[INFO] --- compiler:3.13.0:compile (default-compile) @ DonutxOrders ---
[INFO] Recompiling the module because of changed source code.
[INFO] Compiling 32 source files with javac [debug target 8] to target\classes
[INFO] -------------------------------------------------------------
[WARNING] COMPILATION WARNING : 
[INFO] -------------------------------------------------------------
[WARNING] bootstrap class path not set in conjunction with -source 8
[WARNING] source value 8 is obsolete and will be removed in a future release
[WARNING] target value 8 is obsolete and will be removed in a future release
[WARNING] To suppress warnings about obsolete options, use -Xlint:-options.
[INFO] 4 warnings 
[INFO] -------------------------------------------------------------
[INFO] -------------------------------------------------------------
[ERROR] COMPILATION ERROR : 
[INFO] -------------------------------------------------------------
[ERROR] /D:/DonutxOrders/src/main/java/com/donutxorders/managers/EconomyManager.java:[40,9] illegal start of type
[ERROR] /D:/DonutxOrders/src/main/java/com/donutxorders/managers/EconomyManager.java:[40,29] <identifier> expected
[ERROR] /D:/DonutxOrders/src/main/java/com/donutxorders/managers/EconomyManager.java:[40,31] ';' expected
[ERROR] /D:/DonutxOrders/src/main/java/com/donutxorders/managers/EconomyManager.java:[45,9] illegal start of type
[ERROR] /D:/DonutxOrders/src/main/java/com/donutxorders/managers/EconomyManager.java:[45,16] <identifier> expected
[ERROR] /D:/DonutxOrders/src/main/java/com/donutxorders/managers/EconomyManager.java:[49,16] <identifier> expected
[ERROR] /D:/DonutxOrders/src/main/java/com/donutxorders/managers/EconomyManager.java:[50,25] <identifier> expected
[ERROR] /D:/DonutxOrders/src/main/java/com/donutxorders/managers/EconomyManager.java:[50,27] ';' expected
[ERROR] /D:/DonutxOrders/src/main/java/com/donutxorders/managers/EconomyManager.java:[53,12] class, interface, or enum expected
[ERROR] /D:/DonutxOrders/src/main/java/com/donutxorders/managers/EconomyManager.java:[55,9] class, interface, or enum expected
[ERROR] /D:/DonutxOrders/src/main/java/com/donutxorders/managers/EconomyManager.java:[56,5] class, interface, or enum expected
[ERROR] /D:/DonutxOrders/src/main/java/com/donutxorders/managers/EconomyManager.java:[58,12] class, interface, or enum expected
[ERROR] /D:/DonutxOrders/src/main/java/com/donutxorders/managers/EconomyManager.java:[61,13] class, interface, or enum expected
[ERROR] /D:/DonutxOrders/src/main/java/com/donutxorders/managers/EconomyManager.java:[62,9] class, interface, or enum expected
[ERROR] /D:/DonutxOrders/src/main/java/com/donutxorders/managers/EconomyManager.java:[65,13] class, interface, or enum expected
[ERROR] /D:/DonutxOrders/src/main/java/com/donutxorders/managers/EconomyManager.java:[66,9] class, interface, or enum expected
[ERROR] /D:/DonutxOrders/src/main/java/com/donutxorders/managers/EconomyManager.java:[68,9] class, interface, or enum expected
[ERROR] /D:/DonutxOrders/src/main/java/com/donutxorders/managers/EconomyManager.java:[71,9] class, interface, or enum expected
[ERROR] /D:/DonutxOrders/src/main/java/com/donutxorders/managers/EconomyManager.java:[73,5] class, interface, or enum expected
[ERROR] /D:/DonutxOrders/src/main/java/com/donutxorders/managers/EconomyManager.java:[75,12] class, interface, or enum expected
[ERROR] /D:/DonutxOrders/src/main/java/com/donutxorders/managers/EconomyManager.java:[78,13] class, interface, or enum expected
[ERROR] /D:/DonutxOrders/src/main/java/com/donutxorders/managers/EconomyManager.java:[79,9] class, interface, or enum expected
[ERROR] /D:/DonutxOrders/src/main/java/com/donutxorders/managers/EconomyManager.java:[82,13] class, interface, or enum expected
[ERROR] /D:/DonutxOrders/src/main/java/com/donutxorders/managers/EconomyManager.java:[83,9] class, interface, or enum expected
[ERROR] /D:/DonutxOrders/src/main/java/com/donutxorders/managers/EconomyManager.java:[85,9] class, interface, or enum expected
[ERROR] /D:/DonutxOrders/src/main/java/com/donutxorders/managers/EconomyManager.java:[88,9] class, interface, or enum expected
[ERROR] /D:/DonutxOrders/src/main/java/com/donutxorders/managers/EconomyManager.java:[90,5] class, interface, or enum expected
[ERROR] /D:/DonutxOrders/src/main/java/com/donutxorders/managers/EconomyManager.java:[92,12] class, interface, or enum expected
[ERROR] /D:/DonutxOrders/src/main/java/com/donutxorders/managers/EconomyManager.java:[94,9] class, interface, or enum expected
[ERROR] /D:/DonutxOrders/src/main/java/com/donutxorders/managers/EconomyManager.java:[95,5] class, interface, or enum expected
[ERROR] /D:/DonutxOrders/src/main/java/com/donutxorders/managers/EconomyManager.java:[98,12] class, interface, or enum expected
[ERROR] /D:/DonutxOrders/src/main/java/com/donutxorders/managers/EconomyManager.java:[100,9] class, interface, or enum expected
[ERROR] /D:/DonutxOrders/src/main/java/com/donutxorders/managers/EconomyManager.java:[101,9] class, interface, or enum expected
[ERROR] /D:/DonutxOrders/src/main/java/com/donutxorders/managers/EconomyManager.java:[103,13] class, interface, or enum expected
[ERROR] /D:/DonutxOrders/src/main/java/com/donutxorders/managers/EconomyManager.java:[104,9] class, interface, or enum expected
[ERROR] /D:/DonutxOrders/src/main/java/com/donutxorders/managers/EconomyManager.java:[106,13] class, interface, or enum expected
[ERROR] /D:/DonutxOrders/src/main/java/com/donutxorders/managers/EconomyManager.java:[107,9] class, interface, or enum expected
[ERROR] /D:/DonutxOrders/src/main/java/com/donutxorders/managers/EconomyManager.java:[111,12] class, interface, or enum expected
[ERROR] /D:/DonutxOrders/src/main/java/com/donutxorders/managers/EconomyManager.java:[113,5] class, interface, or enum expected
[ERROR] /D:/DonutxOrders/src/main/java/com/donutxorders/managers/EconomyManager.java:[115,12] class, interface, or enum expected
[ERROR] /D:/DonutxOrders/src/main/java/com/donutxorders/managers/EconomyManager.java:[117,5] class, interface, or enum expected
[INFO] 41 errors 
[INFO] -------------------------------------------------------------
[INFO] ------------------------------------------------------------------------
[INFO] BUILD FAILURE
[INFO] ------------------------------------------------------------------------
[INFO] Total time:  1.991 s
[INFO] Finished at: 2025-07-06T22:04:28+05:30
[INFO] ------------------------------------------------------------------------
[ERROR] Failed to execute goal org.apache.maven.plugins:maven-compiler-plugin:3.13.0:compile (default-compile) on project DonutxOrders: Compilation failure: Compilation failure: 
[ERROR] /D:/DonutxOrders/src/main/java/com/donutxorders/managers/EconomyManager.java:[40,9] illegal start of type
[ERROR] /D:/DonutxOrders/src/main/java/com/donutxorders/managers/EconomyManager.java:[40,29] <identifier> expected
[ERROR] /D:/DonutxOrders/src/main/java/com/donutxorders/managers/EconomyManager.java:[40,31] ';' expected
[ERROR] /D:/DonutxOrders/src/main/java/com/donutxorders/managers/EconomyManager.java:[45,9] illegal start of type
[ERROR] /D:/DonutxOrders/src/main/java/com/donutxorders/managers/EconomyManager.java:[45,16] <identifier> expected
[ERROR] /D:/DonutxOrders/src/main/java/com/donutxorders/managers/EconomyManager.java:[49,16] <identifier> expected
[ERROR] /D:/DonutxOrders/src/main/java/com/donutxorders/managers/EconomyManager.java:[50,25] <identifier> expected
[ERROR] /D:/DonutxOrders/src/main/java/com/donutxorders/managers/EconomyManager.java:[50,27] ';' expected
[ERROR] /D:/DonutxOrders/src/main/java/com/donutxorders/managers/EconomyManager.java:[53,12] class, interface, or enum expected
[ERROR] /D:/DonutxOrders/src/main/java/com/donutxorders/managers/EconomyManager.java:[55,9] class, interface, or enum expected
[ERROR] /D:/DonutxOrders/src/main/java/com/donutxorders/managers/EconomyManager.java:[56,5] class, interface, or enum expected
[ERROR] /D:/DonutxOrders/src/main/java/com/donutxorders/managers/EconomyManager.java:[58,12] class, interface, or enum expected
[ERROR] /D:/DonutxOrders/src/main/java/com/donutxorders/managers/EconomyManager.java:[61,13] class, interface, or enum expected
[ERROR] /D:/DonutxOrders/src/main/java/com/donutxorders/managers/EconomyManager.java:[62,9] class, interface, or enum expected
[ERROR] /D:/DonutxOrders/src/main/java/com/donutxorders/managers/EconomyManager.java:[65,13] class, interface, or enum expected
[ERROR] /D:/DonutxOrders/src/main/java/com/donutxorders/managers/EconomyManager.java:[66,9] class, interface, or enum expected
[ERROR] /D:/DonutxOrders/src/main/java/com/donutxorders/managers/EconomyManager.java:[68,9] class, interface, or enum expected
[ERROR] /D:/DonutxOrders/src/main/java/com/donutxorders/managers/EconomyManager.java:[71,9] class, interface, or enum expected
[ERROR] /D:/DonutxOrders/src/main/java/com/donutxorders/managers/EconomyManager.java:[73,5] class, interface, or enum expected
[ERROR] /D:/DonutxOrders/src/main/java/com/donutxorders/managers/EconomyManager.java:[75,12] class, interface, or enum expected
[ERROR] /D:/DonutxOrders/src/main/java/com/donutxorders/managers/EconomyManager.java:[78,13] class, interface, or enum expected
[ERROR] /D:/DonutxOrders/src/main/java/com/donutxorders/managers/EconomyManager.java:[79,9] class, interface, or enum expected
[ERROR] /D:/DonutxOrders/src/main/java/com/donutxorders/managers/EconomyManager.java:[82,13] class, interface, or enum expected
[ERROR] /D:/DonutxOrders/src/main/java/com/donutxorders/managers/EconomyManager.java:[83,9] class, interface, or enum expected
[ERROR] /D:/DonutxOrders/src/main/java/com/donutxorders/managers/EconomyManager.java:[85,9] class, interface, or enum expected
[ERROR] /D:/DonutxOrders/src/main/java/com/donutxorders/managers/EconomyManager.java:[88,9] class, interface, or enum expected
[ERROR] /D:/DonutxOrders/src/main/java/com/donutxorders/managers/EconomyManager.java:[90,5] class, interface, or enum expected
[ERROR] /D:/DonutxOrders/src/main/java/com/donutxorders/managers/EconomyManager.java:[92,12] class, interface, or enum expected
[ERROR] /D:/DonutxOrders/src/main/java/com/donutxorders/managers/EconomyManager.java:[94,9] class, interface, or enum expected
[ERROR] /D:/DonutxOrders/src/main/java/com/donutxorders/managers/EconomyManager.java:[95,5] class, interface, or enum expected
[ERROR] /D:/DonutxOrders/src/main/java/com/donutxorders/managers/EconomyManager.java:[98,12] class, interface, or enum expected
[ERROR] /D:/DonutxOrders/src/main/java/com/donutxorders/managers/EconomyManager.java:[100,9] class, interface, or enum expected
[ERROR] /D:/DonutxOrders/src/main/java/com/donutxorders/managers/EconomyManager.java:[101,9] class, interface, or enum expected
[ERROR] /D:/DonutxOrders/src/main/java/com/donutxorders/managers/EconomyManager.java:[103,13] class, interface, or enum expected
[ERROR] /D:/DonutxOrders/src/main/java/com/donutxorders/managers/EconomyManager.java:[104,9] class, interface, or enum expected
[ERROR] /D:/DonutxOrders/src/main/java/com/donutxorders/managers/EconomyManager.java:[106,13] class, interface, or enum expected
[ERROR] /D:/DonutxOrders/src/main/java/com/donutxorders/managers/EconomyManager.java:[107,9] class, interface, or enum expected
[ERROR] /D:/DonutxOrders/src/main/java/com/donutxorders/managers/EconomyManager.java:[111,12] class, interface, or enum expected
[ERROR] /D:/DonutxOrders/src/main/java/com/donutxorders/managers/EconomyManager.java:[113,5] class, interface, or enum expected
[ERROR] /D:/DonutxOrders/src/main/java/com/donutxorders/managers/EconomyManager.java:[115,12] class, interface, or enum expected
[ERROR] /D:/DonutxOrders/src/main/java/com/donutxorders/managers/EconomyManager.java:[117,5] class, interface, or enum expected
[ERROR] -> [Help 1]
[ERROR] 
[ERROR] To see the full stack trace of the errors, re-run Maven with the -e switch.
[ERROR] Re-run Maven using the -X switch to enable full debug logging.
[ERROR] 
[ERROR] For more information about the errors and possible solutions, please read the following articles:
[ERROR] [Help 1] http://cwiki.apache.org/confluence/display/MAVEN/MojoFailureException
