Apache Maven 3.9.10 (5f519b97e944483d878815739f519b2eade0a91d)
Maven home: C:\Program Files\Apache\Maven\apache-maven-3.9.10
Java version: 21.0.6, vendor: Oracle Corporation, runtime: C:\Program Files\Java\jdk-21
Default locale: en_IN, platform encoding: UTF-8
OS name: "windows 11", version: "10.0", arch: "amd64", family: "windows"
[DEBUG] Created new class realm maven.api
[DEBUG] Importing foreign packages into class realm maven.api
[DEBUG]   Imported: javax.annotation.* < plexus.core
[DEBUG]   Imported: javax.annotation.security.* < plexus.core
[DEBUG]   Imported: javax.inject.* < plexus.core
[DEBUG]   Imported: org.apache.maven.* < plexus.core
[DEBUG]   Imported: org.apache.maven.artifact < plexus.core
[DEBUG]   Imported: org.apache.maven.classrealm < plexus.core
[DEBUG]   Imported: org.apache.maven.cli < plexus.core
[DEBUG]   Imported: org.apache.maven.configuration < plexus.core
[DEBUG]   Imported: org.apache.maven.exception < plexus.core
[DEBUG]   Imported: org.apache.maven.execution < plexus.core
[DEBUG]   Imported: org.apache.maven.execution.scope < plexus.core
[DEBUG]   Imported: org.apache.maven.graph < plexus.core
[DEBUG]   Imported: org.apache.maven.lifecycle < plexus.core
[DEBUG]   Imported: org.apache.maven.model < plexus.core
[DEBUG]   Imported: org.apache.maven.monitor < plexus.core
[DEBUG]   Imported: org.apache.maven.plugin < plexus.core
[DEBUG]   Imported: org.apache.maven.profiles < plexus.core
[DEBUG]   Imported: org.apache.maven.project < plexus.core
[DEBUG]   Imported: org.apache.maven.reporting < plexus.core
[DEBUG]   Imported: org.apache.maven.repository < plexus.core
[DEBUG]   Imported: org.apache.maven.rtinfo < plexus.core
[DEBUG]   Imported: org.apache.maven.settings < plexus.core
[DEBUG]   Imported: org.apache.maven.toolchain < plexus.core
[DEBUG]   Imported: org.apache.maven.usability < plexus.core
[DEBUG]   Imported: org.apache.maven.wagon.* < plexus.core
[DEBUG]   Imported: org.apache.maven.wagon.authentication < plexus.core
[DEBUG]   Imported: org.apache.maven.wagon.authorization < plexus.core
[DEBUG]   Imported: org.apache.maven.wagon.events < plexus.core
[DEBUG]   Imported: org.apache.maven.wagon.observers < plexus.core
[DEBUG]   Imported: org.apache.maven.wagon.proxy < plexus.core
[DEBUG]   Imported: org.apache.maven.wagon.repository < plexus.core
[DEBUG]   Imported: org.apache.maven.wagon.resource < plexus.core
[DEBUG]   Imported: org.codehaus.classworlds < plexus.core
[DEBUG]   Imported: org.codehaus.plexus.* < plexus.core
[DEBUG]   Imported: org.codehaus.plexus.classworlds < plexus.core
[DEBUG]   Imported: org.codehaus.plexus.component < plexus.core
[DEBUG]   Imported: org.codehaus.plexus.configuration < plexus.core
[DEBUG]   Imported: org.codehaus.plexus.container < plexus.core
[DEBUG]   Imported: org.codehaus.plexus.context < plexus.core
[DEBUG]   Imported: org.codehaus.plexus.lifecycle < plexus.core
[DEBUG]   Imported: org.codehaus.plexus.logging < plexus.core
[DEBUG]   Imported: org.codehaus.plexus.personality < plexus.core
[DEBUG]   Imported: org.codehaus.plexus.util.xml.Xpp3Dom < plexus.core
[DEBUG]   Imported: org.codehaus.plexus.util.xml.pull.XmlPullParser < plexus.core
[DEBUG]   Imported: org.codehaus.plexus.util.xml.pull.XmlPullParserException < plexus.core
[DEBUG]   Imported: org.codehaus.plexus.util.xml.pull.XmlSerializer < plexus.core
[DEBUG]   Imported: org.eclipse.aether.* < plexus.core
[DEBUG]   Imported: org.eclipse.aether.artifact < plexus.core
[DEBUG]   Imported: org.eclipse.aether.collection < plexus.core
[DEBUG]   Imported: org.eclipse.aether.deployment < plexus.core
[DEBUG]   Imported: org.eclipse.aether.graph < plexus.core
[DEBUG]   Imported: org.eclipse.aether.impl < plexus.core
[DEBUG]   Imported: org.eclipse.aether.installation < plexus.core
[DEBUG]   Imported: org.eclipse.aether.internal.impl < plexus.core
[DEBUG]   Imported: org.eclipse.aether.metadata < plexus.core
[DEBUG]   Imported: org.eclipse.aether.repository < plexus.core
[DEBUG]   Imported: org.eclipse.aether.resolution < plexus.core
[DEBUG]   Imported: org.eclipse.aether.spi < plexus.core
[DEBUG]   Imported: org.eclipse.aether.transfer < plexus.core
[DEBUG]   Imported: org.eclipse.aether.util < plexus.core
[DEBUG]   Imported: org.eclipse.aether.version < plexus.core
[DEBUG]   Imported: org.fusesource.jansi.* < plexus.core
[DEBUG]   Imported: org.slf4j.* < plexus.core
[DEBUG]   Imported: org.slf4j.event.* < plexus.core
[DEBUG]   Imported: org.slf4j.helpers.* < plexus.core
[DEBUG]   Imported: org.slf4j.spi.* < plexus.core
[DEBUG] Populating class realm maven.api
[DEBUG] Created adapter factory; available factories [file-lock, rwlock-local, semaphore-local, noop]; available name mappers [discriminating, file-gav, file-hgav, file-static, gav, static]
[INFO] Error stacktraces are turned on.
[DEBUG] Message scheme: color
[DEBUG] Message styles: debug info warning error success failure strong mojo project
[DEBUG] Reading global settings from C:\Program Files\Apache\Maven\apache-maven-3.9.10\conf\settings.xml
[DEBUG] Reading user settings from C:\Users\Jinesh Mehta\.m2\settings.xml
[DEBUG] Reading global toolchains from C:\Program Files\Apache\Maven\apache-maven-3.9.10\conf\toolchains.xml
[DEBUG] Reading user toolchains from C:\Users\Jinesh Mehta\.m2\toolchains.xml
[DEBUG] Using local repository at C:\Users\Jinesh Mehta\.m2\repository
[DEBUG] Using manager EnhancedLocalRepositoryManager with priority 10.0 for C:\Users\Jinesh Mehta\.m2\repository
[INFO] Scanning for projects...
[DEBUG] Extension realms for project com.donutxorders:DonutxOrders:jar:1.0.0: (none)
[DEBUG] Looking up lifecycle mappings for packaging jar from ClassRealm[plexus.core, parent: null]
[DEBUG] === REACTOR BUILD PLAN ================================================
[DEBUG] Project: com.donutxorders:DonutxOrders:jar:1.0.0
[DEBUG] Tasks:   [clean, compile]
[DEBUG] Style:   Regular
[DEBUG] =======================================================================
[INFO] 
[INFO] -------------------< com.donutxorders:DonutxOrders >--------------------
[INFO] Building DonutxOrders 1.0.0
[INFO]   from pom.xml
[INFO] --------------------------------[ jar ]---------------------------------
[DEBUG] Lifecycle clean -> [pre-clean, clean, post-clean]
[DEBUG] Lifecycle default -> [validate, initialize, generate-sources, process-sources, generate-resources, process-resources, compile, process-classes, generate-test-sources, process-test-sources, generate-test-resources, process-test-resources, test-compile, process-test-classes, test, prepare-package, package, pre-integration-test, integration-test, post-integration-test, verify, install, deploy]
[DEBUG] Lifecycle site -> [pre-site, site, post-site, site-deploy]
[DEBUG] Lifecycle clean -> [pre-clean, clean, post-clean]
[DEBUG] Lifecycle default -> [validate, initialize, generate-sources, process-sources, generate-resources, process-resources, compile, process-classes, generate-test-sources, process-test-sources, generate-test-resources, process-test-resources, test-compile, process-test-classes, test, prepare-package, package, pre-integration-test, integration-test, post-integration-test, verify, install, deploy]
[DEBUG] Lifecycle site -> [pre-site, site, post-site, site-deploy]
[DEBUG] Creating adapter using nameMapper 'gav' and factory 'rwlock-local'
[DEBUG] Lifecycle clean -> [pre-clean, clean, post-clean]
[DEBUG] Lifecycle default -> [validate, initialize, generate-sources, process-sources, generate-resources, process-resources, compile, process-classes, generate-test-sources, process-test-sources, generate-test-resources, process-test-resources, test-compile, process-test-classes, test, prepare-package, package, pre-integration-test, integration-test, post-integration-test, verify, install, deploy]
[DEBUG] Lifecycle site -> [pre-site, site, post-site, site-deploy]
[DEBUG] Lifecycle clean -> [pre-clean, clean, post-clean]
[DEBUG] Lifecycle default -> [validate, initialize, generate-sources, process-sources, generate-resources, process-resources, compile, process-classes, generate-test-sources, process-test-sources, generate-test-resources, process-test-resources, test-compile, process-test-classes, test, prepare-package, package, pre-integration-test, integration-test, post-integration-test, verify, install, deploy]
[DEBUG] Lifecycle site -> [pre-site, site, post-site, site-deploy]
[DEBUG] Lifecycle clean -> [pre-clean, clean, post-clean]
[DEBUG] Lifecycle default -> [validate, initialize, generate-sources, process-sources, generate-resources, process-resources, compile, process-classes, generate-test-sources, process-test-sources, generate-test-resources, process-test-resources, test-compile, process-test-classes, test, prepare-package, package, pre-integration-test, integration-test, post-integration-test, verify, install, deploy]
[DEBUG] Lifecycle site -> [pre-site, site, post-site, site-deploy]
[DEBUG] === PROJECT BUILD PLAN ================================================
[DEBUG] Project:       com.donutxorders:DonutxOrders:1.0.0
[DEBUG] Dependencies (collect): []
[DEBUG] Dependencies (resolve): [compile]
[DEBUG] Repositories (dependencies): [spigot-repo (https://hub.spigotmc.org/nexus/content/repositories/snapshots/, default, releases+snapshots), jitpack.io (https://jitpack.io, default, releases+snapshots), codemc-repo (https://repo.codemc.org/repository/maven-public/, default, releases+snapshots), central (https://repo.maven.apache.org/maven2, default, releases)]
[DEBUG] Repositories (plugins)     : [central (https://repo.maven.apache.org/maven2, default, releases)]
[DEBUG] -----------------------------------------------------------------------
[DEBUG] Goal:          org.apache.maven.plugins:maven-clean-plugin:3.2.0:clean (default-clean)
[DEBUG] Style:         Regular
[DEBUG] Configuration: <?xml version="1.0" encoding="UTF-8"?>
<configuration>
  <directory default-value="${project.build.directory}"/>
  <excludeDefaultDirectories default-value="false">${maven.clean.excludeDefaultDirectories}</excludeDefaultDirectories>
  <failOnError default-value="true">${maven.clean.failOnError}</failOnError>
  <fast default-value="false">${maven.clean.fast}</fast>
  <fastDir>${maven.clean.fastDir}</fastDir>
  <fastMode default-value="background">${maven.clean.fastMode}</fastMode>
  <followSymLinks default-value="false">${maven.clean.followSymLinks}</followSymLinks>
  <outputDirectory default-value="${project.build.outputDirectory}"/>
  <reportDirectory default-value="${project.build.outputDirectory}"/>
  <retryOnError default-value="true">${maven.clean.retryOnError}</retryOnError>
  <session default-value="${session}"/>
  <skip default-value="false">${maven.clean.skip}</skip>
  <testOutputDirectory default-value="${project.build.testOutputDirectory}"/>
  <verbose>${maven.clean.verbose}</verbose>
</configuration>
[DEBUG] -----------------------------------------------------------------------
[DEBUG] Goal:          org.apache.maven.plugins:maven-resources-plugin:3.3.1:resources (default-resources)
[DEBUG] Style:         Regular
[DEBUG] Configuration: <?xml version="1.0" encoding="UTF-8"?>
<configuration>
  <addDefaultExcludes default-value="true"/>
  <buildFilters default-value="${project.build.filters}"/>
  <encoding default-value="${project.build.sourceEncoding}"/>
  <escapeWindowsPaths default-value="true"/>
  <fileNameFiltering default-value="false"/>
  <includeEmptyDirs default-value="false"/>
  <outputDirectory default-value="${project.build.outputDirectory}"/>
  <overwrite default-value="false"/>
  <project default-value="${project}"/>
  <resources default-value="${project.resources}"/>
  <session default-value="${session}"/>
  <skip default-value="false">${maven.resources.skip}</skip>
  <supportMultiLineFiltering default-value="false"/>
  <useBuildFilters default-value="true"/>
  <useDefaultDelimiters default-value="true"/>
</configuration>
[DEBUG] -----------------------------------------------------------------------
[DEBUG] Goal:          org.apache.maven.plugins:maven-compiler-plugin:3.13.0:compile (default-compile)
[DEBUG] Style:         Regular
[DEBUG] Configuration: <?xml version="1.0" encoding="UTF-8"?>
<configuration>
  <annotationProcessorPathsUseDepMgmt default-value="false"/>
  <basedir default-value="${basedir}"/>
  <buildDirectory default-value="${project.build.directory}"/>
  <compilePath default-value="${project.compileClasspathElements}"/>
  <compileSourceRoots default-value="${project.compileSourceRoots}"/>
  <compilerId default-value="javac">${maven.compiler.compilerId}</compilerId>
  <compilerReuseStrategy default-value="${reuseCreated}">${maven.compiler.compilerReuseStrategy}</compilerReuseStrategy>
  <compilerVersion>${maven.compiler.compilerVersion}</compilerVersion>
  <createMissingPackageInfoClass default-value="true">${maven.compiler.createMissingPackageInfoClass}</createMissingPackageInfoClass>
  <debug default-value="true">${maven.compiler.debug}</debug>
  <debugFileName default-value="javac"/>
  <debuglevel>${maven.compiler.debuglevel}</debuglevel>
  <enablePreview default-value="false">${maven.compiler.enablePreview}</enablePreview>
  <encoding default-value="${project.build.sourceEncoding}">${encoding}</encoding>
  <executable>${maven.compiler.executable}</executable>
  <failOnError default-value="true">${maven.compiler.failOnError}</failOnError>
  <failOnWarning default-value="false">${maven.compiler.failOnWarning}</failOnWarning>
  <fileExtensions default-value="class,jar"/>
  <forceJavacCompilerUse default-value="false">${maven.compiler.forceJavacCompilerUse}</forceJavacCompilerUse>
  <forceLegacyJavacApi default-value="false">${maven.compiler.forceLegacyJavacApi}</forceLegacyJavacApi>
  <fork default-value="false">${maven.compiler.fork}</fork>
  <generatedSourcesDirectory default-value="${project.build.directory}/generated-sources/annotations"/>
  <implicit>${maven.compiler.implicit}</implicit>
  <maxmem>${maven.compiler.maxmem}</maxmem>
  <meminitial>${maven.compiler.meminitial}</meminitial>
  <mojoExecution default-value="${mojoExecution}"/>
  <optimize default-value="false">${maven.compiler.optimize}</optimize>
  <outputDirectory default-value="${project.build.outputDirectory}">${maven.compiler.outputDirectory}</outputDirectory>
  <outputTimestamp default-value="${project.build.outputTimestamp}"/>
  <parameters default-value="false">${maven.compiler.parameters}</parameters>
  <proc>${maven.compiler.proc}</proc>
  <project default-value="${project}"/>
  <projectArtifact default-value="${project.artifact}"/>
  <release>${maven.compiler.release}</release>
  <session default-value="${session}"/>
  <showCompilationChanges default-value="false">${maven.compiler.showCompilationChanges}</showCompilationChanges>
  <showDeprecation default-value="false">${maven.compiler.showDeprecation}</showDeprecation>
  <showWarnings default-value="true">${maven.compiler.showWarnings}</showWarnings>
  <skipMain>${maven.main.skip}</skipMain>
  <skipMultiThreadWarning default-value="false">${maven.compiler.skipMultiThreadWarning}</skipMultiThreadWarning>
  <source default-value="1.8">${maven.compiler.source}</source>
  <staleMillis default-value="0">${lastModGranularityMs}</staleMillis>
  <target default-value="1.8">${maven.compiler.target}</target>
  <useIncrementalCompilation default-value="true">${maven.compiler.useIncrementalCompilation}</useIncrementalCompilation>
  <verbose default-value="false">${maven.compiler.verbose}</verbose>
</configuration>
[DEBUG] =======================================================================
[DEBUG] Could not find metadata org.spigotmc:spigot-api:1.17-R0.1-SNAPSHOT/maven-metadata.xml in local (C:\Users\Jinesh Mehta\.m2\repository)
[DEBUG] Skipped remote request for org.spigotmc:spigot-api:1.17-R0.1-SNAPSHOT/maven-metadata.xml, locally cached metadata up-to-date
[DEBUG] org.spigotmc:spigot-api:1.17-R0.1-SNAPSHOT/maven-metadata.xml was not found in https://jitpack.io during a previous attempt. This failure was cached in the local repository and resolution is not be reattempted until the update interval of jitpack.io has elapsed or updates are forced
[DEBUG] org.spigotmc:spigot-api:1.17-R0.1-SNAPSHOT/maven-metadata.xml was not found in https://repo.codemc.org/repository/maven-public/ during a previous attempt. This failure was cached in the local repository and resolution is not be reattempted until the update interval of codemc-repo has elapsed or updates are forced
[DEBUG] Could not find metadata org.spigotmc:spigot-api:1.17-R0.1-SNAPSHOT/maven-metadata.xml in local (C:\Users\Jinesh Mehta\.m2\repository)
[DEBUG] Skipped remote request for org.spigotmc:spigot-api:1.17-R0.1-SNAPSHOT/maven-metadata.xml, locally cached metadata up-to-date
[DEBUG] org.spigotmc:spigot-api:1.17-R0.1-SNAPSHOT/maven-metadata.xml was not found in https://jitpack.io during a previous attempt. This failure was cached in the local repository and resolution is not be reattempted until the update interval of jitpack.io has elapsed or updates are forced
[DEBUG] org.spigotmc:spigot-api:1.17-R0.1-SNAPSHOT/maven-metadata.xml was not found in https://repo.codemc.org/repository/maven-public/ during a previous attempt. This failure was cached in the local repository and resolution is not be reattempted until the update interval of codemc-repo has elapsed or updates are forced
[DEBUG] Using mirror maven-default-http-blocker (http://0.0.0.0/) for apache.snapshots (http://repository.apache.org/snapshots).
[DEBUG] Could not find metadata de.tr7zw:functional-annotations:0.1-SNAPSHOT/maven-metadata.xml in local (C:\Users\Jinesh Mehta\.m2\repository)
[DEBUG] de.tr7zw:functional-annotations:0.1-SNAPSHOT/maven-metadata.xml was not found in https://hub.spigotmc.org/nexus/content/repositories/snapshots/ during a previous attempt. This failure was cached in the local repository and resolution is not be reattempted until the update interval of spigot-repo has elapsed or updates are forced
[DEBUG] de.tr7zw:functional-annotations:0.1-SNAPSHOT/maven-metadata.xml was not found in https://jitpack.io during a previous attempt. This failure was cached in the local repository and resolution is not be reattempted until the update interval of jitpack.io has elapsed or updates are forced
[DEBUG] Skipped remote request for de.tr7zw:functional-annotations:0.1-SNAPSHOT/maven-metadata.xml, locally cached metadata up-to-date
[DEBUG] de.tr7zw:functional-annotations:0.1-SNAPSHOT/maven-metadata.xml was not found in https://repo.codemc.org/repository/nms/ during a previous attempt. This failure was cached in the local repository and resolution is not be reattempted until the update interval of codemc-nms-repo has elapsed or updates are forced
[DEBUG] de.tr7zw:functional-annotations:0.1-SNAPSHOT/maven-metadata.xml was not found in https://libraries.minecraft.net/ during a previous attempt. This failure was cached in the local repository and resolution is not be reattempted until the update interval of mojang-libraries has elapsed or updates are forced
[DEBUG] Could not find metadata de.tr7zw:functional-annotations:0.1-SNAPSHOT/maven-metadata.xml in local (C:\Users\Jinesh Mehta\.m2\repository)
[DEBUG] de.tr7zw:functional-annotations:0.1-SNAPSHOT/maven-metadata.xml was not found in https://hub.spigotmc.org/nexus/content/repositories/snapshots/ during a previous attempt. This failure was cached in the local repository and resolution is not be reattempted until the update interval of spigot-repo has elapsed or updates are forced
[DEBUG] de.tr7zw:functional-annotations:0.1-SNAPSHOT/maven-metadata.xml was not found in https://jitpack.io during a previous attempt. This failure was cached in the local repository and resolution is not be reattempted until the update interval of jitpack.io has elapsed or updates are forced
[DEBUG] Skipped remote request for de.tr7zw:functional-annotations:0.1-SNAPSHOT/maven-metadata.xml, locally cached metadata up-to-date
[DEBUG] de.tr7zw:functional-annotations:0.1-SNAPSHOT/maven-metadata.xml was not found in https://repo.codemc.org/repository/nms/ during a previous attempt. This failure was cached in the local repository and resolution is not be reattempted until the update interval of codemc-nms-repo has elapsed or updates are forced
[DEBUG] de.tr7zw:functional-annotations:0.1-SNAPSHOT/maven-metadata.xml was not found in https://libraries.minecraft.net/ during a previous attempt. This failure was cached in the local repository and resolution is not be reattempted until the update interval of mojang-libraries has elapsed or updates are forced
[DEBUG] Dependency collection stats {ConflictMarker.analyzeTime=1051800, ConflictMarker.markTime=96400, ConflictMarker.nodeCount=25, ConflictIdSorter.graphTime=374500, ConflictIdSorter.topsortTime=334400, ConflictIdSorter.conflictIdCount=19, ConflictIdSorter.conflictIdCycleCount=0, ConflictResolver.totalTime=3364700, ConflictResolver.conflictItemCount=24, DfDependencyCollector.collectTime=175119800, DfDependencyCollector.transformTime=10333800}
[DEBUG] com.donutxorders:DonutxOrders:jar:1.0.0
[DEBUG]    org.spigotmc:spigot-api:jar:1.17-R0.1-SNAPSHOT:provided
[DEBUG]       commons-lang:commons-lang:jar:2.6:provided
[DEBUG]       com.google.guava:guava:jar:21.0:provided
[DEBUG]       com.google.code.gson:gson:jar:2.8.0:provided
[DEBUG]       net.md-5:bungeecord-chat:jar:1.16-R0.4:provided
[DEBUG]       org.yaml:snakeyaml:jar:1.28:provided
[DEBUG]    net.milkbowl.vault:VaultAPI:jar:1.7:provided
[DEBUG]    com.github.tr7zw:Item-NBT-API:jar:2.11.3:provided
[DEBUG]       com.github.tr7zw.Item-NBT-API:item-nbt-api:jar:2.11.3:provided
[DEBUG]          de.tr7zw:functional-annotations:jar:0.1-SNAPSHOT:provided
[DEBUG]       com.github.tr7zw.Item-NBT-API:item-nbt-api-plugin:jar:2.11.3:provided
[DEBUG]       com.github.tr7zw.Item-NBT-API:mappings-parser:jar:2.11.3:provided
[DEBUG]       com.github.tr7zw.Item-NBT-API:nbt-data-api:jar:2.11.3:provided
[DEBUG]       com.github.tr7zw.Item-NBT-API:nbt-injector:jar:2.11.3:provided
[DEBUG]          org.javassist:javassist:jar:3.29.2-GA:provided
[DEBUG]    com.zaxxer:HikariCP:jar:5.0.1:compile
[DEBUG]       org.slf4j:slf4j-api:jar:2.0.0-alpha1:compile
[DEBUG]    org.bstats:bstats-bukkit:jar:3.0.0:compile
[DEBUG]       org.bstats:bstats-base:jar:3.0.0:compile
[INFO] 
[INFO] --- clean:3.2.0:clean (default-clean) @ DonutxOrders ---
[DEBUG] Dependency collection stats {ConflictMarker.analyzeTime=20000, ConflictMarker.markTime=60400, ConflictMarker.nodeCount=3, ConflictIdSorter.graphTime=11100, ConflictIdSorter.topsortTime=13600, ConflictIdSorter.conflictIdCount=3, ConflictIdSorter.conflictIdCycleCount=0, ConflictResolver.totalTime=173300, ConflictResolver.conflictItemCount=3, DfDependencyCollector.collectTime=36809600, DfDependencyCollector.transformTime=300100}
[DEBUG] org.apache.maven.plugins:maven-clean-plugin:jar:3.2.0
[DEBUG]    org.apache.maven.shared:maven-shared-utils:jar:3.3.4:compile
[DEBUG]       commons-io:commons-io:jar:2.6:compile
[DEBUG] Created new class realm plugin>org.apache.maven.plugins:maven-clean-plugin:3.2.0
[DEBUG] Importing foreign packages into class realm plugin>org.apache.maven.plugins:maven-clean-plugin:3.2.0
[DEBUG]   Imported:  < maven.api
[DEBUG] Populating class realm plugin>org.apache.maven.plugins:maven-clean-plugin:3.2.0
[DEBUG]   Included: org.apache.maven.plugins:maven-clean-plugin:jar:3.2.0
[DEBUG]   Included: org.apache.maven.shared:maven-shared-utils:jar:3.3.4
[DEBUG]   Included: commons-io:commons-io:jar:2.6
[DEBUG] Loading mojo org.apache.maven.plugins:maven-clean-plugin:3.2.0:clean from plugin realm ClassRealm[plugin>org.apache.maven.plugins:maven-clean-plugin:3.2.0, parent: jdk.internal.loader.ClassLoaders$AppClassLoader@70dea4e]
[DEBUG] Configuring mojo execution 'org.apache.maven.plugins:maven-clean-plugin:3.2.0:clean:default-clean' with basic configurator -->
[DEBUG]   (f) directory = D:\DonutxOrders\target
[DEBUG]   (f) excludeDefaultDirectories = false
[DEBUG]   (f) failOnError = true
[DEBUG]   (f) fast = false
[DEBUG]   (f) fastMode = background
[DEBUG]   (f) followSymLinks = false
[DEBUG]   (f) outputDirectory = D:\DonutxOrders\target\classes
[DEBUG]   (f) reportDirectory = D:\DonutxOrders\target\classes
[DEBUG]   (f) retryOnError = true
[DEBUG]   (f) session = org.apache.maven.execution.MavenSession@62573c86
[DEBUG]   (f) skip = false
[DEBUG]   (f) testOutputDirectory = D:\DonutxOrders\target\test-classes
[DEBUG] -- end configuration --
[INFO] Deleting D:\DonutxOrders\target
[INFO] Deleting file D:\DonutxOrders\target\maven-status\maven-compiler-plugin\compile\default-compile\inputFiles.lst
[INFO] Deleting file D:\DonutxOrders\target\maven-status\maven-compiler-plugin\compile\default-compile\createdFiles.lst
[INFO] Deleting directory D:\DonutxOrders\target\maven-status\maven-compiler-plugin\compile\default-compile
[INFO] Deleting directory D:\DonutxOrders\target\maven-status\maven-compiler-plugin\compile
[INFO] Deleting directory D:\DonutxOrders\target\maven-status\maven-compiler-plugin
[INFO] Deleting directory D:\DonutxOrders\target\maven-status
[INFO] Deleting directory D:\DonutxOrders\target\generated-sources\annotations
[INFO] Deleting directory D:\DonutxOrders\target\generated-sources
[INFO] Deleting file D:\DonutxOrders\target\classes\plugin.yml
[INFO] Deleting file D:\DonutxOrders\target\classes\config.yml
[INFO] Deleting directory D:\DonutxOrders\target\classes
[INFO] Deleting directory D:\DonutxOrders\target
[DEBUG] Skipping non-existing directory D:\DonutxOrders\target\classes
[DEBUG] Skipping non-existing directory D:\DonutxOrders\target\test-classes
[DEBUG] Skipping non-existing directory D:\DonutxOrders\target\classes
[INFO] 
[INFO] --- resources:3.3.1:resources (default-resources) @ DonutxOrders ---
[DEBUG] Dependency collection stats {ConflictMarker.analyzeTime=59300, ConflictMarker.markTime=56000, ConflictMarker.nodeCount=13, ConflictIdSorter.graphTime=28700, ConflictIdSorter.topsortTime=16400, ConflictIdSorter.conflictIdCount=9, ConflictIdSorter.conflictIdCycleCount=0, ConflictResolver.totalTime=351700, ConflictResolver.conflictItemCount=13, DfDependencyCollector.collectTime=96186600, DfDependencyCollector.transformTime=537900}
[DEBUG] org.apache.maven.plugins:maven-resources-plugin:jar:3.3.1
[DEBUG]    org.codehaus.plexus:plexus-interpolation:jar:1.26:runtime
[DEBUG]    org.codehaus.plexus:plexus-utils:jar:3.5.1:compile
[DEBUG]    org.apache.maven.shared:maven-filtering:jar:3.3.1:compile
[DEBUG]       javax.inject:javax.inject:jar:1:compile
[DEBUG]       org.slf4j:slf4j-api:jar:1.7.36:compile
[DEBUG]       org.sonatype.plexus:plexus-build-api:jar:0.0.7:compile
[DEBUG]    commons-io:commons-io:jar:2.11.0:compile
[DEBUG]    org.apache.commons:commons-lang3:jar:3.12.0:compile
[DEBUG] Created new class realm plugin>org.apache.maven.plugins:maven-resources-plugin:3.3.1
[DEBUG] Importing foreign packages into class realm plugin>org.apache.maven.plugins:maven-resources-plugin:3.3.1
[DEBUG]   Imported:  < maven.api
[DEBUG] Populating class realm plugin>org.apache.maven.plugins:maven-resources-plugin:3.3.1
[DEBUG]   Included: org.apache.maven.plugins:maven-resources-plugin:jar:3.3.1
[DEBUG]   Included: org.codehaus.plexus:plexus-interpolation:jar:1.26
[DEBUG]   Included: org.codehaus.plexus:plexus-utils:jar:3.5.1
[DEBUG]   Included: org.apache.maven.shared:maven-filtering:jar:3.3.1
[DEBUG]   Included: org.sonatype.plexus:plexus-build-api:jar:0.0.7
[DEBUG]   Included: commons-io:commons-io:jar:2.11.0
[DEBUG]   Included: org.apache.commons:commons-lang3:jar:3.12.0
[DEBUG] Loading mojo org.apache.maven.plugins:maven-resources-plugin:3.3.1:resources from plugin realm ClassRealm[plugin>org.apache.maven.plugins:maven-resources-plugin:3.3.1, parent: jdk.internal.loader.ClassLoaders$AppClassLoader@70dea4e]
[DEBUG] Configuring mojo execution 'org.apache.maven.plugins:maven-resources-plugin:3.3.1:resources:default-resources' with basic configurator -->
[DEBUG]   (f) addDefaultExcludes = true
[DEBUG]   (f) buildFilters = []
[DEBUG]   (f) encoding = UTF-8
[DEBUG]   (f) escapeWindowsPaths = true
[DEBUG]   (f) fileNameFiltering = false
[DEBUG]   (s) includeEmptyDirs = false
[DEBUG]   (s) outputDirectory = D:\DonutxOrders\target\classes
[DEBUG]   (s) overwrite = false
[DEBUG]   (f) project = MavenProject: com.donutxorders:DonutxOrders:1.0.0 @ D:\DonutxOrders\pom.xml
[DEBUG]   (s) resources = [Resource {targetPath: null, filtering: false, FileSet {directory: D:\DonutxOrders\src\main\resources, PatternSet [includes: {}, excludes: {}]}}]
[DEBUG]   (f) session = org.apache.maven.execution.MavenSession@62573c86
[DEBUG]   (f) skip = false
[DEBUG]   (f) supportMultiLineFiltering = false
[DEBUG]   (f) useBuildFilters = true
[DEBUG]   (s) useDefaultDelimiters = true
[DEBUG] -- end configuration --
[DEBUG] properties used:
[DEBUG] classworlds.conf: C:\Program Files\Apache\Maven\apache-maven-3.9.10\bin\m2.conf
[DEBUG] env.=D:: D:\DonutxOrders
[DEBUG] env.=EXITCODE: 00000000
[DEBUG] env.ALLUSERSPROFILE: C:\ProgramData
[DEBUG] env.APPDATA: C:\Users\Jinesh Mehta\AppData\Roaming
[DEBUG] env.CHROME_CRASHPAD_PIPE_NAME: \\.\pipe\crashpad_12712_NSSZVCIVEEWZPPAQ
[DEBUG] env.CLASSWORLDS_JAR: "C:\Program Files\Apache\Maven\apache-maven-3.9.10\boot\plexus-classworlds-2.9.0.jar"
[DEBUG] env.CLASSWORLDS_LAUNCHER: org.codehaus.plexus.classworlds.launcher.Launcher
[DEBUG] env.COLORTERM: truecolor
[DEBUG] env.COMMONPROGRAMFILES: C:\Program Files\Common Files
[DEBUG] env.COMMONPROGRAMFILES(X86): C:\Program Files (x86)\Common Files
[DEBUG] env.COMMONPROGRAMW6432: C:\Program Files\Common Files
[DEBUG] env.COMPUTERNAME: HP-HOMEPC
[DEBUG] env.COMSPEC: C:\WINDOWS\system32\cmd.exe
[DEBUG] env.DRIVERDATA: C:\Windows\System32\Drivers\DriverData
[DEBUG] env.EFC_5272_1592913036: 1
[DEBUG] env.ERROR_CODE: 0
[DEBUG] env.EXEC_DIR: D:\DonutxOrders
[DEBUG] env.GIT_ASKPASS: c:\Users\Jinesh Mehta\AppData\Local\Programs\Windsurf\resources\app\extensions\git\dist\askpass.sh
[DEBUG] env.HOMEDRIVE: C:
[DEBUG] env.HOMEPATH: \Users\Jinesh Mehta
[DEBUG] env.JAVACMD: C:\Program Files\Common Files\Oracle\Java\javapath\java.exe
[DEBUG] env.JVMCONFIG: \.mvn\jvm.config
[DEBUG] env.LANG: en_US.UTF-8
[DEBUG] env.LOCALAPPDATA: C:\Users\Jinesh Mehta\AppData\Local
[DEBUG] env.LOGONSERVER: \\HP-HOMEPC
[DEBUG] env.MAVEN_CMD_LINE_ARGS: clean compile -X
[DEBUG] env.MAVEN_HOME: C:\Program Files\Apache\Maven\apache-maven-3.9.10
[DEBUG] env.MAVEN_OPTS: --enable-native-access=ALL-UNNAMED 
[DEBUG] env.MAVEN_PROJECTBASEDIR: D:\DonutxOrders
[DEBUG] env.NUMBER_OF_PROCESSORS: 4
[DEBUG] env.ORIGINAL_XDG_CURRENT_DESKTOP: undefined
[DEBUG] env.OS: Windows_NT
[DEBUG] env.PAGER: cat
[DEBUG] env.PATH: C:\Program Files\Common Files\Oracle\Java\javapath;C:\Program Files (x86)\Common Files\Oracle\Java\java8path;C:\Program Files (x86)\Common Files\Oracle\Java\javapath;C:\WINDOWS\system32;C:\WINDOWS;C:\WINDOWS\System32\Wbem;C:\WINDOWS\System32\WindowsPowerShell\v1.0\;C:\WINDOWS\System32\OpenSSH\;C:\Program Files\dotnet\;C:\WINDOWS\AtlasModules;C:\WINDOWS\AtlasModules\Tools;C:\WINDOWS\AtlasModules\Scripts;C:\Program Files\Microsoft VS Code\bin;C:\Program Files\Git\cmd;C:\Users\Jinesh Mehta\AppData\Local\Microsoft\WindowsApps;C:\Program Files\Apache\Maven\apache-maven-3.9.10\bin;C:\Users\Jinesh Mehta\AppData\Local\Programs\Windsurf\bin
[DEBUG] env.PATHEXT: .COM;.EXE;.BAT;.CMD;.VBS;.VBE;.JS;.JSE;.WSF;.WSH;.MSC;.CPL
[DEBUG] env.PROCESSOR_ARCHITECTURE: AMD64
[DEBUG] env.PROCESSOR_IDENTIFIER: Intel64 Family 6 Model 60 Stepping 3, GenuineIntel
[DEBUG] env.PROCESSOR_LEVEL: 6
[DEBUG] env.PROCESSOR_REVISION: 3c03
[DEBUG] env.PROGRAMDATA: C:\ProgramData
[DEBUG] env.PROGRAMFILES: C:\Program Files
[DEBUG] env.PROGRAMFILES(X86): C:\Program Files (x86)
[DEBUG] env.PROGRAMW6432: C:\Program Files
[DEBUG] env.PROMPT: $P$G
[DEBUG] env.PSMODULEPATH: C:\Users\Jinesh Mehta\Documents\WindowsPowerShell\Modules;C:\Program Files\WindowsPowerShell\Modules;C:\WINDOWS\system32\WindowsPowerShell\v1.0\Modules
[DEBUG] env.PUBLIC: C:\Users\Public
[DEBUG] env.SESSIONNAME: Console
[DEBUG] env.SYSTEMDRIVE: C:
[DEBUG] env.SYSTEMROOT: C:\WINDOWS
[DEBUG] env.TEMP: C:\Users\JINESH~1\AppData\Local\Temp
[DEBUG] env.TERM_PROGRAM: vscode
[DEBUG] env.TERM_PROGRAM_VERSION: 1.99.3
[DEBUG] env.TMP: C:\Users\JINESH~1\AppData\Local\Temp
[DEBUG] env.USERDOMAIN: HP-HOMEPC
[DEBUG] env.USERDOMAIN_ROAMINGPROFILE: HP-HOMEPC
[DEBUG] env.USERNAME: Jinesh Mehta
[DEBUG] env.USERPROFILE: C:\Users\Jinesh Mehta
[DEBUG] env.VSCODE_GIT_ASKPASS_EXTRA_ARGS: 
[DEBUG] env.VSCODE_GIT_ASKPASS_MAIN: c:\Users\Jinesh Mehta\AppData\Local\Programs\Windsurf\resources\app\extensions\git\dist\askpass-main.js
[DEBUG] env.VSCODE_GIT_ASKPASS_NODE: C:\Users\Jinesh Mehta\AppData\Local\Programs\Windsurf\Windsurf.exe
[DEBUG] env.VSCODE_GIT_IPC_HANDLE: \\.\pipe\vscode-git-a333224dbb-sock
[DEBUG] env.VSCODE_INJECTION: 1
[DEBUG] env.WDIR: D:\
[DEBUG] env.WINDIR: C:\WINDOWS
[DEBUG] file.encoding: UTF-8
[DEBUG] file.separator: \
[DEBUG] java.class.path: C:\Program Files\Apache\Maven\apache-maven-3.9.10\boot\plexus-classworlds-2.9.0.jar
[DEBUG] java.class.version: 65.0
[DEBUG] java.home: C:\Program Files\Java\jdk-21
[DEBUG] java.io.tmpdir: C:\Users\JINESH~1\AppData\Local\Temp\
[DEBUG] java.library.path: C:\Program Files\Java\jdk-21\bin;C:\WINDOWS\Sun\Java\bin;C:\WINDOWS\system32;C:\WINDOWS;C:\Program Files\Common Files\Oracle\Java\javapath;C:\Program Files (x86)\Common Files\Oracle\Java\java8path;C:\Program Files (x86)\Common Files\Oracle\Java\javapath;C:\WINDOWS\system32;C:\WINDOWS;C:\WINDOWS\System32\Wbem;C:\WINDOWS\System32\WindowsPowerShell\v1.0\;C:\WINDOWS\System32\OpenSSH\;C:\Program Files\dotnet\;C:\WINDOWS\AtlasModules;C:\WINDOWS\AtlasModules\Tools;C:\WINDOWS\AtlasModules\Scripts;C:\Program Files\Microsoft VS Code\bin;C:\Program Files\Git\cmd;C:\Users\Jinesh Mehta\AppData\Local\Microsoft\WindowsApps;C:\Program Files\Apache\Maven\apache-maven-3.9.10\bin;C:\Users\Jinesh Mehta\AppData\Local\Programs\Windsurf\bin;.
[DEBUG] java.runtime.name: Java(TM) SE Runtime Environment
[DEBUG] java.runtime.version: 21.0.6+8-LTS-188
[DEBUG] java.specification.name: Java Platform API Specification
[DEBUG] java.specification.vendor: Oracle Corporation
[DEBUG] java.specification.version: 21
[DEBUG] java.vendor: Oracle Corporation
[DEBUG] java.vendor.url: https://java.oracle.com/
[DEBUG] java.vendor.url.bug: https://bugreport.java.com/bugreport/
[DEBUG] java.version: 21.0.6
[DEBUG] java.version.date: 2025-01-21
[DEBUG] java.vm.compressedOopsMode: Zero based
[DEBUG] java.vm.info: mixed mode, sharing
[DEBUG] java.vm.name: Java HotSpot(TM) 64-Bit Server VM
[DEBUG] java.vm.specification.name: Java Virtual Machine Specification
[DEBUG] java.vm.specification.vendor: Oracle Corporation
[DEBUG] java.vm.specification.version: 21
[DEBUG] java.vm.vendor: Oracle Corporation
[DEBUG] java.vm.version: 21.0.6+8-LTS-188
[DEBUG] jdk.debug: release
[DEBUG] library.jansi.path: C:\Program Files\Apache\Maven\apache-maven-3.9.10\lib\jansi-native
[DEBUG] line.separator: 

[DEBUG] maven.build.timestamp: 2025-07-06T16:36:59Z
[DEBUG] maven.build.version: Apache Maven 3.9.10 (5f519b97e944483d878815739f519b2eade0a91d)
[DEBUG] maven.compiler.source: 8
[DEBUG] maven.compiler.target: 8
[DEBUG] maven.conf: C:\Program Files\Apache\Maven\apache-maven-3.9.10/conf
[DEBUG] maven.home: C:\Program Files\Apache\Maven\apache-maven-3.9.10
[DEBUG] maven.multiModuleProjectDirectory: D:\DonutxOrders
[DEBUG] maven.version: 3.9.10
[DEBUG] native.encoding: Cp1252
[DEBUG] os.arch: amd64
[DEBUG] os.name: Windows 11
[DEBUG] os.version: 10.0
[DEBUG] path.separator: ;
[DEBUG] project.baseUri: file:/D:/DonutxOrders/
[DEBUG] project.build.sourceEncoding: UTF-8
[DEBUG] stderr.encoding: Cp1252
[DEBUG] stdout.encoding: Cp1252
[DEBUG] sun.arch.data.model: 64
[DEBUG] sun.boot.library.path: C:\Program Files\Java\jdk-21\bin
[DEBUG] sun.cpu.endian: little
[DEBUG] sun.cpu.isalist: amd64
[DEBUG] sun.io.unicode.encoding: UnicodeLittle
[DEBUG] sun.java.command: org.codehaus.plexus.classworlds.launcher.Launcher clean compile -X
[DEBUG] sun.java.launcher: SUN_STANDARD
[DEBUG] sun.jnu.encoding: Cp1252
[DEBUG] sun.management.compiler: HotSpot 64-Bit Tiered Compilers
[DEBUG] sun.os.patch.level: 
[DEBUG] user.country: IN
[DEBUG] user.dir: D:\DonutxOrders
[DEBUG] user.home: C:\Users\Jinesh Mehta
[DEBUG] user.language: en
[DEBUG] user.name: Jinesh Mehta
[DEBUG] user.script: 
[DEBUG] user.variant: 
[DEBUG] Using 'UTF-8' encoding to copy filtered resources.
[DEBUG] Using 'UTF-8' encoding to copy filtered properties files.
[DEBUG] resource with targetPath null
directory D:\DonutxOrders\src\main\resources
excludes []
includes []
[DEBUG] ignoreDelta true
[INFO] Copying 2 resources from src\main\resources to target\classes
[DEBUG] Copying file config.yml
[DEBUG] file config.yml has a filtered file extension
[DEBUG] Using 'UTF-8' encoding to copy filtered resource 'config.yml'.
[DEBUG] copy D:\DonutxOrders\src\main\resources\config.yml to D:\DonutxOrders\target\classes\config.yml
[DEBUG] Copying file plugin.yml
[DEBUG] file plugin.yml has a filtered file extension
[DEBUG] Using 'UTF-8' encoding to copy filtered resource 'plugin.yml'.
[DEBUG] copy D:\DonutxOrders\src\main\resources\plugin.yml to D:\DonutxOrders\target\classes\plugin.yml
[DEBUG] no user filter components
[INFO] 
[INFO] --- compiler:3.13.0:compile (default-compile) @ DonutxOrders ---
[DEBUG] Dependency collection stats {ConflictMarker.analyzeTime=67100, ConflictMarker.markTime=63400, ConflictMarker.nodeCount=22, ConflictIdSorter.graphTime=38100, ConflictIdSorter.topsortTime=17300, ConflictIdSorter.conflictIdCount=14, ConflictIdSorter.conflictIdCycleCount=0, ConflictResolver.totalTime=512200, ConflictResolver.conflictItemCount=22, DfDependencyCollector.collectTime=80435000, DfDependencyCollector.transformTime=719100}
[DEBUG] org.apache.maven.plugins:maven-compiler-plugin:jar:3.13.0
[DEBUG]    org.apache.maven.shared:maven-shared-utils:jar:3.4.2:compile
[DEBUG]       org.slf4j:slf4j-api:jar:1.7.36:compile
[DEBUG]       commons-io:commons-io:jar:2.11.0:compile
[DEBUG]    org.apache.maven.shared:maven-shared-incremental:jar:1.1:compile
[DEBUG]    org.codehaus.plexus:plexus-java:jar:1.2.0:compile
[DEBUG]       org.ow2.asm:asm:jar:9.6:compile
[DEBUG]       com.thoughtworks.qdox:qdox:jar:2.0.3:compile
[DEBUG]    org.codehaus.plexus:plexus-compiler-api:jar:2.15.0:compile
[DEBUG]    org.codehaus.plexus:plexus-compiler-manager:jar:2.15.0:compile
[DEBUG]       javax.inject:javax.inject:jar:1:compile
[DEBUG]       org.codehaus.plexus:plexus-xml:jar:3.0.0:compile (version managed from default)
[DEBUG]    org.codehaus.plexus:plexus-compiler-javac:jar:2.15.0:runtime
[DEBUG]    org.codehaus.plexus:plexus-utils:jar:4.0.0:compile
[DEBUG] Created new class realm plugin>org.apache.maven.plugins:maven-compiler-plugin:3.13.0
[DEBUG] Importing foreign packages into class realm plugin>org.apache.maven.plugins:maven-compiler-plugin:3.13.0
[DEBUG]   Imported:  < maven.api
[DEBUG] Populating class realm plugin>org.apache.maven.plugins:maven-compiler-plugin:3.13.0
[DEBUG]   Included: org.apache.maven.plugins:maven-compiler-plugin:jar:3.13.0
[DEBUG]   Included: org.apache.maven.shared:maven-shared-utils:jar:3.4.2
[DEBUG]   Included: commons-io:commons-io:jar:2.11.0
[DEBUG]   Included: org.apache.maven.shared:maven-shared-incremental:jar:1.1
[DEBUG]   Included: org.codehaus.plexus:plexus-java:jar:1.2.0
[DEBUG]   Included: org.ow2.asm:asm:jar:9.6
[DEBUG]   Included: com.thoughtworks.qdox:qdox:jar:2.0.3
[DEBUG]   Included: org.codehaus.plexus:plexus-compiler-api:jar:2.15.0
[DEBUG]   Included: org.codehaus.plexus:plexus-compiler-manager:jar:2.15.0
[DEBUG]   Included: org.codehaus.plexus:plexus-xml:jar:3.0.0
[DEBUG]   Included: org.codehaus.plexus:plexus-compiler-javac:jar:2.15.0
[DEBUG]   Included: org.codehaus.plexus:plexus-utils:jar:4.0.0
[DEBUG] Loading mojo org.apache.maven.plugins:maven-compiler-plugin:3.13.0:compile from plugin realm ClassRealm[plugin>org.apache.maven.plugins:maven-compiler-plugin:3.13.0, parent: jdk.internal.loader.ClassLoaders$AppClassLoader@70dea4e]
[DEBUG] Configuring mojo execution 'org.apache.maven.plugins:maven-compiler-plugin:3.13.0:compile:default-compile' with basic configurator -->
[DEBUG]   (f) annotationProcessorPathsUseDepMgmt = false
[DEBUG]   (f) basedir = D:\DonutxOrders
[DEBUG]   (f) buildDirectory = D:\DonutxOrders\target
[DEBUG]   (f) compilePath = [D:\DonutxOrders\target\classes, C:\Users\Jinesh Mehta\.m2\repository\org\spigotmc\spigot-api\1.17-R0.1-SNAPSHOT\spigot-api-1.17-R0.1-SNAPSHOT.jar, C:\Users\Jinesh Mehta\.m2\repository\commons-lang\commons-lang\2.6\commons-lang-2.6.jar, C:\Users\Jinesh Mehta\.m2\repository\com\google\guava\guava\21.0\guava-21.0.jar, C:\Users\Jinesh Mehta\.m2\repository\com\google\code\gson\gson\2.8.0\gson-2.8.0.jar, C:\Users\Jinesh Mehta\.m2\repository\net\md-5\bungeecord-chat\1.16-R0.4\bungeecord-chat-1.16-R0.4.jar, C:\Users\Jinesh Mehta\.m2\repository\org\yaml\snakeyaml\1.28\snakeyaml-1.28.jar, C:\Users\Jinesh Mehta\.m2\repository\net\milkbowl\vault\VaultAPI\1.7\VaultAPI-1.7.jar, C:\Users\Jinesh Mehta\.m2\repository\com\github\tr7zw\Item-NBT-API\2.11.3\Item-NBT-API-2.11.3.jar, C:\Users\Jinesh Mehta\.m2\repository\com\github\tr7zw\Item-NBT-API\item-nbt-api\2.11.3\item-nbt-api-2.11.3.jar, C:\Users\Jinesh Mehta\.m2\repository\de\tr7zw\functional-annotations\0.1-SNAPSHOT\functional-annotations-0.1-SNAPSHOT.jar, C:\Users\Jinesh Mehta\.m2\repository\com\github\tr7zw\Item-NBT-API\item-nbt-api-plugin\2.11.3\item-nbt-api-plugin-2.11.3.jar, C:\Users\Jinesh Mehta\.m2\repository\com\github\tr7zw\Item-NBT-API\mappings-parser\2.11.3\mappings-parser-2.11.3.jar, C:\Users\Jinesh Mehta\.m2\repository\com\github\tr7zw\Item-NBT-API\nbt-data-api\2.11.3\nbt-data-api-2.11.3.jar, C:\Users\Jinesh Mehta\.m2\repository\com\github\tr7zw\Item-NBT-API\nbt-injector\2.11.3\nbt-injector-2.11.3.jar, C:\Users\Jinesh Mehta\.m2\repository\org\javassist\javassist\3.29.2-GA\javassist-3.29.2-GA.jar, C:\Users\Jinesh Mehta\.m2\repository\com\zaxxer\HikariCP\5.0.1\HikariCP-5.0.1.jar, C:\Users\Jinesh Mehta\.m2\repository\org\slf4j\slf4j-api\2.0.0-alpha1\slf4j-api-2.0.0-alpha1.jar, C:\Users\Jinesh Mehta\.m2\repository\org\bstats\bstats-bukkit\3.0.0\bstats-bukkit-3.0.0.jar, C:\Users\Jinesh Mehta\.m2\repository\org\bstats\bstats-base\3.0.0\bstats-base-3.0.0.jar]
[DEBUG]   (f) compileSourceRoots = [D:\DonutxOrders\src\main\java]
[DEBUG]   (f) compilerId = javac
[DEBUG]   (f) createMissingPackageInfoClass = true
[DEBUG]   (f) debug = true
[DEBUG]   (f) debugFileName = javac
[DEBUG]   (f) enablePreview = false
[DEBUG]   (f) encoding = UTF-8
[DEBUG]   (f) failOnError = true
[DEBUG]   (f) failOnWarning = false
[DEBUG]   (f) fileExtensions = [jar, class]
[DEBUG]   (f) forceJavacCompilerUse = false
[DEBUG]   (f) forceLegacyJavacApi = false
[DEBUG]   (f) fork = false
[DEBUG]   (f) generatedSourcesDirectory = D:\DonutxOrders\target\generated-sources\annotations
[DEBUG]   (f) mojoExecution = org.apache.maven.plugins:maven-compiler-plugin:3.13.0:compile {execution: default-compile}
[DEBUG]   (f) optimize = false
[DEBUG]   (f) outputDirectory = D:\DonutxOrders\target\classes
[DEBUG]   (f) parameters = false
[DEBUG]   (f) project = MavenProject: com.donutxorders:DonutxOrders:1.0.0 @ D:\DonutxOrders\pom.xml
[DEBUG]   (f) projectArtifact = com.donutxorders:DonutxOrders:jar:1.0.0
[DEBUG]   (f) session = org.apache.maven.execution.MavenSession@62573c86
[DEBUG]   (f) showCompilationChanges = false
[DEBUG]   (f) showDeprecation = false
[DEBUG]   (f) showWarnings = true
[DEBUG]   (f) skipMultiThreadWarning = false
[DEBUG]   (f) source = 8
[DEBUG]   (f) staleMillis = 0
[DEBUG]   (s) target = 8
[DEBUG]   (f) useIncrementalCompilation = true
[DEBUG]   (f) verbose = false
[DEBUG] -- end configuration --
[DEBUG] Using compiler 'javac'.
[DEBUG] Adding D:\DonutxOrders\target\generated-sources\annotations to compile source roots:
  D:\DonutxOrders\src\main\java
[DEBUG] New compile source roots:
  D:\DonutxOrders\src\main\java
  D:\DonutxOrders\target\generated-sources\annotations
[DEBUG] CompilerReuseStrategy: reuseCreated
[DEBUG] useIncrementalCompilation enabled
[INFO] 	Stale source detected: D:\DonutxOrders\src\main\java\com\donutxorders\database\MySQLDatabase.java
[INFO] 	Stale source detected: D:\DonutxOrders\src\main\java\com\donutxorders\gui\YourOrdersGUI.java
[INFO] 	Stale source detected: D:\DonutxOrders\src\main\java\com\donutxorders\listeners\PlayerListener.java
[INFO] 	Stale source detected: D:\DonutxOrders\src\main\java\com\donutxorders\utils\MessageUtils.java
[INFO] 	Stale source detected: D:\DonutxOrders\src\main\java\com\donutxorders\tasks\DatabaseCleanupTask.java
[INFO] 	Stale source detected: D:\DonutxOrders\src\main\java\com\donutxorders\commands\OrderCommand.java
[INFO] 	Stale source detected: D:\DonutxOrders\src\main\java\com\donutxorders\models\PlayerData.java
[INFO] 	Stale source detected: D:\DonutxOrders\src\main\java\com\donutxorders\managers\PermissionManager.java
[INFO] 	Stale source detected: D:\DonutxOrders\src\main\java\com\donutxorders\models\Order.java
[INFO] 	Stale source detected: D:\DonutxOrders\src\main\java\com\donutxorders\utils\TimeUtils.java
[INFO] 	Stale source detected: D:\DonutxOrders\src\main\java\com\donutxorders\gui\DeliveryGUI.java
[INFO] 	Stale source detected: D:\DonutxOrders\src\main\java\com\donutxorders\gui\MainOrderGUI.java
[INFO] 	Stale source detected: D:\DonutxOrders\src\main\java\com\donutxorders\database\DatabaseManager.java
[INFO] 	Stale source detected: D:\DonutxOrders\src\main\java\com\donutxorders\integration\VaultIntegration.java
[INFO] 	Stale source detected: D:\DonutxOrders\src\main\java\com\donutxorders\listeners\InventoryClickListener.java
[INFO] 	Stale source detected: D:\DonutxOrders\src\main\java\com\donutxorders\gui\NewOrderGUI.java
[INFO] 	Stale source detected: D:\DonutxOrders\src\main\java\com\donutxorders\managers\OrderManager.java
[INFO] 	Stale source detected: D:\DonutxOrders\src\main\java\com\donutxorders\models\OrderStatus.java
[INFO] 	Stale source detected: D:\DonutxOrders\src\main\java\com\donutxorders\integration\DiscordWebhook.java
[INFO] 	Stale source detected: D:\DonutxOrders\src\main\java\com\donutxorders\commands\OrdersTabCompleter.java
[INFO] 	Stale source detected: D:\DonutxOrders\src\main\java\com\donutxorders\database\SQLiteDatabase.java
[INFO] 	Stale source detected: D:\DonutxOrders\src\main\java\com\donutxorders\managers\ItemManager.java
[INFO] 	Stale source detected: D:\DonutxOrders\src\main\java\com\donutxorders\tasks\OrderExpirationTask.java
[INFO] 	Stale source detected: D:\DonutxOrders\src\main\java\com\donutxorders\managers\EconomyManager.java
[INFO] 	Stale source detected: D:\DonutxOrders\src\main\java\com\donutxorders\models\OrderItem.java
[INFO] 	Stale source detected: D:\DonutxOrders\src\main\java\com\donutxorders\utils\ItemUtils.java
[INFO] 	Stale source detected: D:\DonutxOrders\src\main\java\com\donutxorders\core\ConfigManager.java
[INFO] 	Stale source detected: D:\DonutxOrders\src\main\java\com\donutxorders\gui\SearchGUI.java
[INFO] 	Stale source detected: D:\DonutxOrders\src\main\java\com\donutxorders\utils\ColorUtils.java
[INFO] 	Stale source detected: D:\DonutxOrders\src\main\java\com\donutxorders\integration\NBTApiIntegration.java
[INFO] 	Stale source detected: D:\DonutxOrders\src\main\java\com\donutxorders\core\DonutxOrders.java
[INFO] 	Stale source detected: D:\DonutxOrders\src\main\java\com\donutxorders\gui\ItemSelectionGUI.java
[INFO] 	Input tree files (+): D:\DonutxOrders\src\main\java\com\donutxorders\commands\OrderCommand.java
[INFO] 	Input tree files (+): D:\DonutxOrders\src\main\java\com\donutxorders\commands\OrdersTabCompleter.java
[INFO] 	Input tree files (+): D:\DonutxOrders\src\main\java\com\donutxorders\core\ConfigManager.java
[INFO] 	Input tree files (+): D:\DonutxOrders\src\main\java\com\donutxorders\core\DonutxOrders.java
[INFO] 	Input tree files (+): D:\DonutxOrders\src\main\java\com\donutxorders\database\DatabaseManager.java
[INFO] 	Input tree files (+): D:\DonutxOrders\src\main\java\com\donutxorders\database\MySQLDatabase.java
[INFO] 	Input tree files (+): D:\DonutxOrders\src\main\java\com\donutxorders\database\SQLiteDatabase.java
[INFO] 	Input tree files (+): D:\DonutxOrders\src\main\java\com\donutxorders\gui\DeliveryGUI.java
[INFO] 	Input tree files (+): D:\DonutxOrders\src\main\java\com\donutxorders\gui\ItemSelectionGUI.java
[INFO] 	Input tree files (+): D:\DonutxOrders\src\main\java\com\donutxorders\gui\MainOrderGUI.java
[INFO] 	Input tree files (+): D:\DonutxOrders\src\main\java\com\donutxorders\gui\NewOrderGUI.java
[INFO] 	Input tree files (+): D:\DonutxOrders\src\main\java\com\donutxorders\gui\SearchGUI.java
[INFO] 	Input tree files (+): D:\DonutxOrders\src\main\java\com\donutxorders\gui\YourOrdersGUI.java
[INFO] 	Input tree files (+): D:\DonutxOrders\src\main\java\com\donutxorders\integration\DiscordWebhook.java
[INFO] 	Input tree files (+): D:\DonutxOrders\src\main\java\com\donutxorders\integration\NBTApiIntegration.java
[INFO] 	Input tree files (+): D:\DonutxOrders\src\main\java\com\donutxorders\integration\VaultIntegration.java
[INFO] 	Input tree files (+): D:\DonutxOrders\src\main\java\com\donutxorders\listeners\InventoryClickListener.java
[INFO] 	Input tree files (+): D:\DonutxOrders\src\main\java\com\donutxorders\listeners\PlayerListener.java
[INFO] 	Input tree files (+): D:\DonutxOrders\src\main\java\com\donutxorders\managers\EconomyManager.java
[INFO] 	Input tree files (+): D:\DonutxOrders\src\main\java\com\donutxorders\managers\ItemManager.java
[INFO] 	Input tree files (+): D:\DonutxOrders\src\main\java\com\donutxorders\managers\OrderManager.java
[INFO] 	Input tree files (+): D:\DonutxOrders\src\main\java\com\donutxorders\managers\PermissionManager.java
[INFO] 	Input tree files (+): D:\DonutxOrders\src\main\java\com\donutxorders\models\Order.java
[INFO] 	Input tree files (+): D:\DonutxOrders\src\main\java\com\donutxorders\models\OrderItem.java
[INFO] 	Input tree files (+): D:\DonutxOrders\src\main\java\com\donutxorders\models\OrderStatus.java
[INFO] 	Input tree files (+): D:\DonutxOrders\src\main\java\com\donutxorders\models\PlayerData.java
[INFO] 	Input tree files (+): D:\DonutxOrders\src\main\java\com\donutxorders\tasks\DatabaseCleanupTask.java
[INFO] 	Input tree files (+): D:\DonutxOrders\src\main\java\com\donutxorders\tasks\OrderExpirationTask.java
[INFO] 	Input tree files (+): D:\DonutxOrders\src\main\java\com\donutxorders\utils\ColorUtils.java
[INFO] 	Input tree files (+): D:\DonutxOrders\src\main\java\com\donutxorders\utils\ItemUtils.java
[INFO] 	Input tree files (+): D:\DonutxOrders\src\main\java\com\donutxorders\utils\MessageUtils.java
[INFO] 	Input tree files (+): D:\DonutxOrders\src\main\java\com\donutxorders\utils\TimeUtils.java
[INFO] Recompiling the module because of changed source code.
[DEBUG] Classpath:
[DEBUG]  D:\DonutxOrders\target\classes
[DEBUG]  C:\Users\Jinesh Mehta\.m2\repository\org\spigotmc\spigot-api\1.17-R0.1-SNAPSHOT\spigot-api-1.17-R0.1-SNAPSHOT.jar
[DEBUG]  C:\Users\Jinesh Mehta\.m2\repository\commons-lang\commons-lang\2.6\commons-lang-2.6.jar
[DEBUG]  C:\Users\Jinesh Mehta\.m2\repository\com\google\guava\guava\21.0\guava-21.0.jar
[DEBUG]  C:\Users\Jinesh Mehta\.m2\repository\com\google\code\gson\gson\2.8.0\gson-2.8.0.jar
[DEBUG]  C:\Users\Jinesh Mehta\.m2\repository\net\md-5\bungeecord-chat\1.16-R0.4\bungeecord-chat-1.16-R0.4.jar
[DEBUG]  C:\Users\Jinesh Mehta\.m2\repository\org\yaml\snakeyaml\1.28\snakeyaml-1.28.jar
[DEBUG]  C:\Users\Jinesh Mehta\.m2\repository\net\milkbowl\vault\VaultAPI\1.7\VaultAPI-1.7.jar
[DEBUG]  C:\Users\Jinesh Mehta\.m2\repository\com\github\tr7zw\Item-NBT-API\2.11.3\Item-NBT-API-2.11.3.jar
[DEBUG]  C:\Users\Jinesh Mehta\.m2\repository\com\github\tr7zw\Item-NBT-API\item-nbt-api\2.11.3\item-nbt-api-2.11.3.jar
[DEBUG]  C:\Users\Jinesh Mehta\.m2\repository\de\tr7zw\functional-annotations\0.1-SNAPSHOT\functional-annotations-0.1-SNAPSHOT.jar
[DEBUG]  C:\Users\Jinesh Mehta\.m2\repository\com\github\tr7zw\Item-NBT-API\item-nbt-api-plugin\2.11.3\item-nbt-api-plugin-2.11.3.jar
[DEBUG]  C:\Users\Jinesh Mehta\.m2\repository\com\github\tr7zw\Item-NBT-API\mappings-parser\2.11.3\mappings-parser-2.11.3.jar
[DEBUG]  C:\Users\Jinesh Mehta\.m2\repository\com\github\tr7zw\Item-NBT-API\nbt-data-api\2.11.3\nbt-data-api-2.11.3.jar
[DEBUG]  C:\Users\Jinesh Mehta\.m2\repository\com\github\tr7zw\Item-NBT-API\nbt-injector\2.11.3\nbt-injector-2.11.3.jar
[DEBUG]  C:\Users\Jinesh Mehta\.m2\repository\org\javassist\javassist\3.29.2-GA\javassist-3.29.2-GA.jar
[DEBUG]  C:\Users\Jinesh Mehta\.m2\repository\com\zaxxer\HikariCP\5.0.1\HikariCP-5.0.1.jar
[DEBUG]  C:\Users\Jinesh Mehta\.m2\repository\org\slf4j\slf4j-api\2.0.0-alpha1\slf4j-api-2.0.0-alpha1.jar
[DEBUG]  C:\Users\Jinesh Mehta\.m2\repository\org\bstats\bstats-bukkit\3.0.0\bstats-bukkit-3.0.0.jar
[DEBUG]  C:\Users\Jinesh Mehta\.m2\repository\org\bstats\bstats-base\3.0.0\bstats-base-3.0.0.jar
[DEBUG] Source roots:
[DEBUG]  D:\DonutxOrders\src\main\java
[DEBUG]  D:\DonutxOrders\target\generated-sources\annotations
[DEBUG] Command line options:
[DEBUG] -d D:\DonutxOrders\target\classes -classpath D:\DonutxOrders\target\classes;C:\Users\Jinesh Mehta\.m2\repository\org\spigotmc\spigot-api\1.17-R0.1-SNAPSHOT\spigot-api-1.17-R0.1-SNAPSHOT.jar;C:\Users\Jinesh Mehta\.m2\repository\commons-lang\commons-lang\2.6\commons-lang-2.6.jar;C:\Users\Jinesh Mehta\.m2\repository\com\google\guava\guava\21.0\guava-21.0.jar;C:\Users\Jinesh Mehta\.m2\repository\com\google\code\gson\gson\2.8.0\gson-2.8.0.jar;C:\Users\Jinesh Mehta\.m2\repository\net\md-5\bungeecord-chat\1.16-R0.4\bungeecord-chat-1.16-R0.4.jar;C:\Users\Jinesh Mehta\.m2\repository\org\yaml\snakeyaml\1.28\snakeyaml-1.28.jar;C:\Users\Jinesh Mehta\.m2\repository\net\milkbowl\vault\VaultAPI\1.7\VaultAPI-1.7.jar;C:\Users\Jinesh Mehta\.m2\repository\com\github\tr7zw\Item-NBT-API\2.11.3\Item-NBT-API-2.11.3.jar;C:\Users\Jinesh Mehta\.m2\repository\com\github\tr7zw\Item-NBT-API\item-nbt-api\2.11.3\item-nbt-api-2.11.3.jar;C:\Users\Jinesh Mehta\.m2\repository\de\tr7zw\functional-annotations\0.1-SNAPSHOT\functional-annotations-0.1-SNAPSHOT.jar;C:\Users\Jinesh Mehta\.m2\repository\com\github\tr7zw\Item-NBT-API\item-nbt-api-plugin\2.11.3\item-nbt-api-plugin-2.11.3.jar;C:\Users\Jinesh Mehta\.m2\repository\com\github\tr7zw\Item-NBT-API\mappings-parser\2.11.3\mappings-parser-2.11.3.jar;C:\Users\Jinesh Mehta\.m2\repository\com\github\tr7zw\Item-NBT-API\nbt-data-api\2.11.3\nbt-data-api-2.11.3.jar;C:\Users\Jinesh Mehta\.m2\repository\com\github\tr7zw\Item-NBT-API\nbt-injector\2.11.3\nbt-injector-2.11.3.jar;C:\Users\Jinesh Mehta\.m2\repository\org\javassist\javassist\3.29.2-GA\javassist-3.29.2-GA.jar;C:\Users\Jinesh Mehta\.m2\repository\com\zaxxer\HikariCP\5.0.1\HikariCP-5.0.1.jar;C:\Users\Jinesh Mehta\.m2\repository\org\slf4j\slf4j-api\2.0.0-alpha1\slf4j-api-2.0.0-alpha1.jar;C:\Users\Jinesh Mehta\.m2\repository\org\bstats\bstats-bukkit\3.0.0\bstats-bukkit-3.0.0.jar;C:\Users\Jinesh Mehta\.m2\repository\org\bstats\bstats-base\3.0.0\bstats-base-3.0.0.jar; -sourcepath D:\DonutxOrders\src\main\java;D:\DonutxOrders\target\generated-sources\annotations; -s D:\DonutxOrders\target\generated-sources\annotations -g -target 8 -source 8 -encoding UTF-8 -XDuseUnsharedTable=true
[DEBUG] incrementalBuildHelper#beforeRebuildExecution
[INFO] Compiling 32 source files with javac [debug target 8] to target\classes
[DEBUG] incrementalBuildHelper#afterRebuildExecution
[INFO] -------------------------------------------------------------
[WARNING] COMPILATION WARNING : 
[INFO] -------------------------------------------------------------
[WARNING] bootstrap class path not set in conjunction with -source 8
[WARNING] source value 8 is obsolete and will be removed in a future release
[WARNING] target value 8 is obsolete and will be removed in a future release
[WARNING] To suppress warnings about obsolete options, use -Xlint:-options.
[INFO] 4 warnings 
[INFO] -------------------------------------------------------------
[INFO] -------------------------------------------------------------
[ERROR] COMPILATION ERROR : 
[INFO] -------------------------------------------------------------
[ERROR] /D:/DonutxOrders/src/main/java/com/donutxorders/managers/EconomyManager.java:[50,9] illegal start of type
[ERROR] /D:/DonutxOrders/src/main/java/com/donutxorders/managers/EconomyManager.java:[50,29] <identifier> expected
[ERROR] /D:/DonutxOrders/src/main/java/com/donutxorders/managers/EconomyManager.java:[50,31] ';' expected
[ERROR] /D:/DonutxOrders/src/main/java/com/donutxorders/managers/EconomyManager.java:[55,9] illegal start of type
[ERROR] /D:/DonutxOrders/src/main/java/com/donutxorders/managers/EconomyManager.java:[55,16] <identifier> expected
[ERROR] /D:/DonutxOrders/src/main/java/com/donutxorders/managers/EconomyManager.java:[59,16] <identifier> expected
[ERROR] /D:/DonutxOrders/src/main/java/com/donutxorders/managers/EconomyManager.java:[60,25] <identifier> expected
[ERROR] /D:/DonutxOrders/src/main/java/com/donutxorders/managers/EconomyManager.java:[60,27] ';' expected
[ERROR] /D:/DonutxOrders/src/main/java/com/donutxorders/managers/EconomyManager.java:[63,12] class, interface, or enum expected
[ERROR] /D:/DonutxOrders/src/main/java/com/donutxorders/managers/EconomyManager.java:[65,9] class, interface, or enum expected
[ERROR] /D:/DonutxOrders/src/main/java/com/donutxorders/managers/EconomyManager.java:[66,5] class, interface, or enum expected
[ERROR] /D:/DonutxOrders/src/main/java/com/donutxorders/managers/EconomyManager.java:[68,12] class, interface, or enum expected
[ERROR] /D:/DonutxOrders/src/main/java/com/donutxorders/managers/EconomyManager.java:[71,13] class, interface, or enum expected
[ERROR] /D:/DonutxOrders/src/main/java/com/donutxorders/managers/EconomyManager.java:[72,9] class, interface, or enum expected
[ERROR] /D:/DonutxOrders/src/main/java/com/donutxorders/managers/EconomyManager.java:[75,13] class, interface, or enum expected
[ERROR] /D:/DonutxOrders/src/main/java/com/donutxorders/managers/EconomyManager.java:[76,9] class, interface, or enum expected
[ERROR] /D:/DonutxOrders/src/main/java/com/donutxorders/managers/EconomyManager.java:[78,9] class, interface, or enum expected
[ERROR] /D:/DonutxOrders/src/main/java/com/donutxorders/managers/EconomyManager.java:[81,9] class, interface, or enum expected
[ERROR] /D:/DonutxOrders/src/main/java/com/donutxorders/managers/EconomyManager.java:[83,5] class, interface, or enum expected
[ERROR] /D:/DonutxOrders/src/main/java/com/donutxorders/managers/EconomyManager.java:[85,12] class, interface, or enum expected
[ERROR] /D:/DonutxOrders/src/main/java/com/donutxorders/managers/EconomyManager.java:[88,13] class, interface, or enum expected
[ERROR] /D:/DonutxOrders/src/main/java/com/donutxorders/managers/EconomyManager.java:[89,9] class, interface, or enum expected
[ERROR] /D:/DonutxOrders/src/main/java/com/donutxorders/managers/EconomyManager.java:[92,13] class, interface, or enum expected
[ERROR] /D:/DonutxOrders/src/main/java/com/donutxorders/managers/EconomyManager.java:[93,9] class, interface, or enum expected
[ERROR] /D:/DonutxOrders/src/main/java/com/donutxorders/managers/EconomyManager.java:[95,9] class, interface, or enum expected
[ERROR] /D:/DonutxOrders/src/main/java/com/donutxorders/managers/EconomyManager.java:[98,9] class, interface, or enum expected
[ERROR] /D:/DonutxOrders/src/main/java/com/donutxorders/managers/EconomyManager.java:[100,5] class, interface, or enum expected
[ERROR] /D:/DonutxOrders/src/main/java/com/donutxorders/managers/EconomyManager.java:[102,12] class, interface, or enum expected
[ERROR] /D:/DonutxOrders/src/main/java/com/donutxorders/managers/EconomyManager.java:[104,9] class, interface, or enum expected
[ERROR] /D:/DonutxOrders/src/main/java/com/donutxorders/managers/EconomyManager.java:[105,5] class, interface, or enum expected
[ERROR] /D:/DonutxOrders/src/main/java/com/donutxorders/managers/EconomyManager.java:[108,12] class, interface, or enum expected
[ERROR] /D:/DonutxOrders/src/main/java/com/donutxorders/managers/EconomyManager.java:[110,9] class, interface, or enum expected
[ERROR] /D:/DonutxOrders/src/main/java/com/donutxorders/managers/EconomyManager.java:[111,9] class, interface, or enum expected
[ERROR] /D:/DonutxOrders/src/main/java/com/donutxorders/managers/EconomyManager.java:[113,13] class, interface, or enum expected
[ERROR] /D:/DonutxOrders/src/main/java/com/donutxorders/managers/EconomyManager.java:[114,9] class, interface, or enum expected
[ERROR] /D:/DonutxOrders/src/main/java/com/donutxorders/managers/EconomyManager.java:[116,13] class, interface, or enum expected
[ERROR] /D:/DonutxOrders/src/main/java/com/donutxorders/managers/EconomyManager.java:[117,9] class, interface, or enum expected
[ERROR] /D:/DonutxOrders/src/main/java/com/donutxorders/managers/EconomyManager.java:[121,12] class, interface, or enum expected
[ERROR] /D:/DonutxOrders/src/main/java/com/donutxorders/managers/EconomyManager.java:[123,5] class, interface, or enum expected
[ERROR] /D:/DonutxOrders/src/main/java/com/donutxorders/managers/EconomyManager.java:[125,12] class, interface, or enum expected
[ERROR] /D:/DonutxOrders/src/main/java/com/donutxorders/managers/EconomyManager.java:[127,5] class, interface, or enum expected
[INFO] 41 errors 
[INFO] -------------------------------------------------------------
[INFO] ------------------------------------------------------------------------
[INFO] BUILD FAILURE
[INFO] ------------------------------------------------------------------------
[INFO] Total time:  1.719 s
[INFO] Finished at: 2025-07-06T22:07:00+05:30
[INFO] ------------------------------------------------------------------------
[ERROR] Failed to execute goal org.apache.maven.plugins:maven-compiler-plugin:3.13.0:compile (default-compile) on project DonutxOrders: Compilation failure: Compilation failure: 
[ERROR] /D:/DonutxOrders/src/main/java/com/donutxorders/managers/EconomyManager.java:[50,9] illegal start of type
[ERROR] /D:/DonutxOrders/src/main/java/com/donutxorders/managers/EconomyManager.java:[50,29] <identifier> expected
[ERROR] /D:/DonutxOrders/src/main/java/com/donutxorders/managers/EconomyManager.java:[50,31] ';' expected
[ERROR] /D:/DonutxOrders/src/main/java/com/donutxorders/managers/EconomyManager.java:[55,9] illegal start of type
[ERROR] /D:/DonutxOrders/src/main/java/com/donutxorders/managers/EconomyManager.java:[55,16] <identifier> expected
[ERROR] /D:/DonutxOrders/src/main/java/com/donutxorders/managers/EconomyManager.java:[59,16] <identifier> expected
[ERROR] /D:/DonutxOrders/src/main/java/com/donutxorders/managers/EconomyManager.java:[60,25] <identifier> expected
[ERROR] /D:/DonutxOrders/src/main/java/com/donutxorders/managers/EconomyManager.java:[60,27] ';' expected
[ERROR] /D:/DonutxOrders/src/main/java/com/donutxorders/managers/EconomyManager.java:[63,12] class, interface, or enum expected
[ERROR] /D:/DonutxOrders/src/main/java/com/donutxorders/managers/EconomyManager.java:[65,9] class, interface, or enum expected
[ERROR] /D:/DonutxOrders/src/main/java/com/donutxorders/managers/EconomyManager.java:[66,5] class, interface, or enum expected
[ERROR] /D:/DonutxOrders/src/main/java/com/donutxorders/managers/EconomyManager.java:[68,12] class, interface, or enum expected
[ERROR] /D:/DonutxOrders/src/main/java/com/donutxorders/managers/EconomyManager.java:[71,13] class, interface, or enum expected
[ERROR] /D:/DonutxOrders/src/main/java/com/donutxorders/managers/EconomyManager.java:[72,9] class, interface, or enum expected
[ERROR] /D:/DonutxOrders/src/main/java/com/donutxorders/managers/EconomyManager.java:[75,13] class, interface, or enum expected
[ERROR] /D:/DonutxOrders/src/main/java/com/donutxorders/managers/EconomyManager.java:[76,9] class, interface, or enum expected
[ERROR] /D:/DonutxOrders/src/main/java/com/donutxorders/managers/EconomyManager.java:[78,9] class, interface, or enum expected
[ERROR] /D:/DonutxOrders/src/main/java/com/donutxorders/managers/EconomyManager.java:[81,9] class, interface, or enum expected
[ERROR] /D:/DonutxOrders/src/main/java/com/donutxorders/managers/EconomyManager.java:[83,5] class, interface, or enum expected
[ERROR] /D:/DonutxOrders/src/main/java/com/donutxorders/managers/EconomyManager.java:[85,12] class, interface, or enum expected
[ERROR] /D:/DonutxOrders/src/main/java/com/donutxorders/managers/EconomyManager.java:[88,13] class, interface, or enum expected
[ERROR] /D:/DonutxOrders/src/main/java/com/donutxorders/managers/EconomyManager.java:[89,9] class, interface, or enum expected
[ERROR] /D:/DonutxOrders/src/main/java/com/donutxorders/managers/EconomyManager.java:[92,13] class, interface, or enum expected
[ERROR] /D:/DonutxOrders/src/main/java/com/donutxorders/managers/EconomyManager.java:[93,9] class, interface, or enum expected
[ERROR] /D:/DonutxOrders/src/main/java/com/donutxorders/managers/EconomyManager.java:[95,9] class, interface, or enum expected
[ERROR] /D:/DonutxOrders/src/main/java/com/donutxorders/managers/EconomyManager.java:[98,9] class, interface, or enum expected
[ERROR] /D:/DonutxOrders/src/main/java/com/donutxorders/managers/EconomyManager.java:[100,5] class, interface, or enum expected
[ERROR] /D:/DonutxOrders/src/main/java/com/donutxorders/managers/EconomyManager.java:[102,12] class, interface, or enum expected
[ERROR] /D:/DonutxOrders/src/main/java/com/donutxorders/managers/EconomyManager.java:[104,9] class, interface, or enum expected
[ERROR] /D:/DonutxOrders/src/main/java/com/donutxorders/managers/EconomyManager.java:[105,5] class, interface, or enum expected
[ERROR] /D:/DonutxOrders/src/main/java/com/donutxorders/managers/EconomyManager.java:[108,12] class, interface, or enum expected
[ERROR] /D:/DonutxOrders/src/main/java/com/donutxorders/managers/EconomyManager.java:[110,9] class, interface, or enum expected
[ERROR] /D:/DonutxOrders/src/main/java/com/donutxorders/managers/EconomyManager.java:[111,9] class, interface, or enum expected
[ERROR] /D:/DonutxOrders/src/main/java/com/donutxorders/managers/EconomyManager.java:[113,13] class, interface, or enum expected
[ERROR] /D:/DonutxOrders/src/main/java/com/donutxorders/managers/EconomyManager.java:[114,9] class, interface, or enum expected
[ERROR] /D:/DonutxOrders/src/main/java/com/donutxorders/managers/EconomyManager.java:[116,13] class, interface, or enum expected
[ERROR] /D:/DonutxOrders/src/main/java/com/donutxorders/managers/EconomyManager.java:[117,9] class, interface, or enum expected
[ERROR] /D:/DonutxOrders/src/main/java/com/donutxorders/managers/EconomyManager.java:[121,12] class, interface, or enum expected
[ERROR] /D:/DonutxOrders/src/main/java/com/donutxorders/managers/EconomyManager.java:[123,5] class, interface, or enum expected
[ERROR] /D:/DonutxOrders/src/main/java/com/donutxorders/managers/EconomyManager.java:[125,12] class, interface, or enum expected
[ERROR] /D:/DonutxOrders/src/main/java/com/donutxorders/managers/EconomyManager.java:[127,5] class, interface, or enum expected
[ERROR] -> [Help 1]
org.apache.maven.lifecycle.LifecycleExecutionException: Failed to execute goal org.apache.maven.plugins:maven-compiler-plugin:3.13.0:compile (default-compile) on project DonutxOrders: Compilation failure
    at org.apache.maven.lifecycle.internal.MojoExecutor.doExecute2 (MojoExecutor.java:333)
    at org.apache.maven.lifecycle.internal.MojoExecutor.doExecute (MojoExecutor.java:316)
    at org.apache.maven.lifecycle.internal.MojoExecutor.execute (MojoExecutor.java:212)
    at org.apache.maven.lifecycle.internal.MojoExecutor.execute (MojoExecutor.java:174)
    at org.apache.maven.lifecycle.internal.MojoExecutor.access$000 (MojoExecutor.java:75)
    at org.apache.maven.lifecycle.internal.MojoExecutor$1.run (MojoExecutor.java:162)
    at org.apache.maven.plugin.DefaultMojosExecutionStrategy.execute (DefaultMojosExecutionStrategy.java:39)
    at org.apache.maven.lifecycle.internal.MojoExecutor.execute (MojoExecutor.java:159)
    at org.apache.maven.lifecycle.internal.LifecycleModuleBuilder.buildProject (LifecycleModuleBuilder.java:105)
    at org.apache.maven.lifecycle.internal.LifecycleModuleBuilder.buildProject (LifecycleModuleBuilder.java:73)
    at org.apache.maven.lifecycle.internal.builder.singlethreaded.SingleThreadedBuilder.build (SingleThreadedBuilder.java:53)
    at org.apache.maven.lifecycle.internal.LifecycleStarter.execute (LifecycleStarter.java:118)
    at org.apache.maven.DefaultMaven.doExecute (DefaultMaven.java:261)
    at org.apache.maven.DefaultMaven.doExecute (DefaultMaven.java:173)
    at org.apache.maven.DefaultMaven.execute (DefaultMaven.java:101)
    at org.apache.maven.cli.MavenCli.execute (MavenCli.java:906)
    at org.apache.maven.cli.MavenCli.doMain (MavenCli.java:283)
    at org.apache.maven.cli.MavenCli.main (MavenCli.java:206)
    at jdk.internal.reflect.DirectMethodHandleAccessor.invoke (DirectMethodHandleAccessor.java:103)
    at java.lang.reflect.Method.invoke (Method.java:580)
    at org.codehaus.plexus.classworlds.launcher.Launcher.launchEnhanced (Launcher.java:255)
    at org.codehaus.plexus.classworlds.launcher.Launcher.launch (Launcher.java:201)
    at org.codehaus.plexus.classworlds.launcher.Launcher.mainWithExitCode (Launcher.java:361)
    at org.codehaus.plexus.classworlds.launcher.Launcher.main (Launcher.java:314)
Caused by: org.apache.maven.plugin.compiler.CompilationFailureException: Compilation failure
    at org.apache.maven.plugin.compiler.AbstractCompilerMojo.execute (AbstractCompilerMojo.java:1309)
    at org.apache.maven.plugin.compiler.CompilerMojo.execute (CompilerMojo.java:215)
    at org.apache.maven.plugin.DefaultBuildPluginManager.executeMojo (DefaultBuildPluginManager.java:126)
    at org.apache.maven.lifecycle.internal.MojoExecutor.doExecute2 (MojoExecutor.java:328)
    at org.apache.maven.lifecycle.internal.MojoExecutor.doExecute (MojoExecutor.java:316)
    at org.apache.maven.lifecycle.internal.MojoExecutor.execute (MojoExecutor.java:212)
    at org.apache.maven.lifecycle.internal.MojoExecutor.execute (MojoExecutor.java:174)
    at org.apache.maven.lifecycle.internal.MojoExecutor.access$000 (MojoExecutor.java:75)
    at org.apache.maven.lifecycle.internal.MojoExecutor$1.run (MojoExecutor.java:162)
    at org.apache.maven.plugin.DefaultMojosExecutionStrategy.execute (DefaultMojosExecutionStrategy.java:39)
    at org.apache.maven.lifecycle.internal.MojoExecutor.execute (MojoExecutor.java:159)
    at org.apache.maven.lifecycle.internal.LifecycleModuleBuilder.buildProject (LifecycleModuleBuilder.java:105)
    at org.apache.maven.lifecycle.internal.LifecycleModuleBuilder.buildProject (LifecycleModuleBuilder.java:73)
    at org.apache.maven.lifecycle.internal.builder.singlethreaded.SingleThreadedBuilder.build (SingleThreadedBuilder.java:53)
    at org.apache.maven.lifecycle.internal.LifecycleStarter.execute (LifecycleStarter.java:118)
    at org.apache.maven.DefaultMaven.doExecute (DefaultMaven.java:261)
    at org.apache.maven.DefaultMaven.doExecute (DefaultMaven.java:173)
    at org.apache.maven.DefaultMaven.execute (DefaultMaven.java:101)
    at org.apache.maven.cli.MavenCli.execute (MavenCli.java:906)
    at org.apache.maven.cli.MavenCli.doMain (MavenCli.java:283)
    at org.apache.maven.cli.MavenCli.main (MavenCli.java:206)
    at jdk.internal.reflect.DirectMethodHandleAccessor.invoke (DirectMethodHandleAccessor.java:103)
    at java.lang.reflect.Method.invoke (Method.java:580)
    at org.codehaus.plexus.classworlds.launcher.Launcher.launchEnhanced (Launcher.java:255)
    at org.codehaus.plexus.classworlds.launcher.Launcher.launch (Launcher.java:201)
    at org.codehaus.plexus.classworlds.launcher.Launcher.mainWithExitCode (Launcher.java:361)
    at org.codehaus.plexus.classworlds.launcher.Launcher.main (Launcher.java:314)
[ERROR] 
[ERROR] 
[ERROR] For more information about the errors and possible solutions, please read the following articles:
[ERROR] [Help 1] http://cwiki.apache.org/confluence/display/MAVEN/MojoFailureException
[DEBUG] Shutting down adapter factory; available factories [file-lock, rwlock-local, semaphore-local, noop]; available name mappers [discriminating, file-gav, file-hgav, file-static, gav, static]
[DEBUG] Shutting down 'file-lock' factory
[DEBUG] Shutting down 'rwlock-local' factory
[DEBUG] Shutting down 'semaphore-local' factory
[DEBUG] Shutting down 'noop' factory
